Command: d:\Progs\ESP\.espressif\python_env\idf5.5_py3.11_env\Scripts\python.exe d:\Progs\ESP\esp\v5.5.1\esp-idf\tools/idf_monitor.py -p COM8 -b 115200 --toolchain-prefix xtensa-esp32-elf- --target esp32 --revision 0 D:\Progs\ESP\projects\test_htn\build\test_htn.elf D:\Progs\ESP\projects\test_htn\build\bootloader\bootloader.elf --force-color -m 'd:\Progs\ESP\.espressif\python_env\idf5.5_py3.11_env\Scripts\python.exe' 'd:\Progs\ESP\esp\v5.5.1\esp-idf\tools\idf.py' '-p' 'COM8'
ets Jul 29 2019 12:21:46

rst:0x1 (POWERON_RESET),boot:0x13 (SPI_FAST_FLASH_BOOT)
configsip: 0, SPIWP:0xee
clk_drv:0x00,q_drv:0x00,d_drv:0x00,cs0_drv:0x00,hd_drv:0x00,wp_drv:0x00
mode:DIO, clock div:2
load:0x3fff0030,len:6380
ho 0 tail 12 room 4
load:0x40078000,len:15916
load:0x40080400,len:3860
entry 0x40080638
[0;32mI (29) boot: ESP-IDF v5.5.1 2nd stage bootloader[0m
[0;32mI (29) boot: compile time Oct 26 2025 15:33:15[0m
[0;32mI (29) boot: Multicore bootloader[0m
[0;32mI (31) boot: chip revision: v3.1[0m
[0;32mI (33) boot.esp32: SPI Speed      : 40MHz[0m
[0;32mI (37) boot.esp32: SPI Mode       : DIO[0m
[0;32mI (41) boot.esp32: SPI Flash Size : 2MB[0m
[0;32mI (44) boot: Enabling RNG early entropy source...[0m
[0;32mI (49) boot: Partition Table:[0m
[0;32mI (51) boot: ## Label            Usage          Type ST Offset   Length[0m
[0;32mI (58) boot:  0 nvs              WiFi data        01 02 00009000 00006000[0m
[0;32mI (64) boot:  1 phy_init         RF data          01 01 0000f000 00001000[0m
[0;32mI (71) boot:  2 factory          factory app      00 00 00010000 00100000[0m
[0;32mI (77) boot: End of partition table[0m
[0;32mI (81) esp_image: segment 0: paddr=00010020 vaddr=3f400020 size=0774ch ( 30540) map[0m
[0;32mI (98) esp_image: segment 1: paddr=00017774 vaddr=3ffb0000 size=021e8h (  8680) load[0m
[0;32mI (102) esp_image: segment 2: paddr=00019964 vaddr=40080000 size=066b4h ( 26292) load[0m
[0;32mI (113) esp_image: segment 3: paddr=00020020 vaddr=400d0020 size=0fc8ch ( 64652) map[0m
[0;32mI (135) esp_image: segment 4: paddr=0002fcb4 vaddr=400866b4 size=06548h ( 25928) load[0m
[0;32mI (146) esp_image: segment 5: paddr=00036204 vaddr=50000000 size=00020h (    32) load[0m
[0;32mI (152) boot: Loaded app from partition at offset 0x10000[0m
[0;32mI (153) boot: Disabling RNG early entropy source...[0m
[0;32mI (164) cpu_start: Multicore app[0m
[0;32mI (172) cpu_start: Pro cpu start user code[0m
[0;32mI (172) cpu_start: cpu freq: 160000000 Hz[0m
[0;32mI (172) app_init: Application information:[0m
[0;32mI (172) app_init: Project name:     test_htn[0m
[0;32mI (176) app_init: App version:      2cb2986-dirty[0m
[0;32mI (181) app_init: Compile time:     Oct 31 2025 22:57:05[0m
[0;32mI (186) app_init: ELF file SHA256:  c4a3b02c3...[0m
[0;32mI (190) app_init: ESP-IDF:          v5.5.1[0m
[0;32mI (194) efuse_init: Min chip rev:     v0.0[0m
[0;32mI (198) efuse_init: Max chip rev:     v3.99 [0m
[0;32mI (202) efuse_init: Chip rev:         v3.1[0m
[0;32mI (206) heap_init: Initializing. RAM available for dynamic allocation:[0m
[0;32mI (212) heap_init: At 3FFAE6E0 len 00001920 (6 KiB): DRAM[0m
[0;32mI (217) heap_init: At 3FFB2A68 len 0002D598 (181 KiB): DRAM[0m
[0;32mI (222) heap_init: At 3FFE0440 len 00003AE0 (14 KiB): D/IRAM[0m
[0;32mI (228) heap_init: At 3FFE4350 len 0001BCB0 (111 KiB): D/IRAM[0m
[0;32mI (233) heap_init: At 4008CBFC len 00013404 (77 KiB): IRAM[0m
[0;33mW (239) spi_flash: Detected boya flash chip but using generic driver. For optimal functionality, enable `SPI_FLASH_SUPPORT_BOYA_CHIP` in menuconfig[0m
[0;32mI (252) spi_flash: detected chip: generic[0m
[0;32mI (255) spi_flash: flash io: dio[0m
[0;33mW (258) spi_flash: Detected size(4096k) larger than the size in the binary image header(2048k). Using the size in the binary image header.[0m
[0;33mW (270) i2c: This driver is an old driver, please migrate your application code to adapt `driver/i2c_master.h`[0m
[0;32mI (281) main_task: Started on CPU0[0m
[0;32mI (291) main_task: Calling app_main()[0m

assert failed: xQueueReceive queue.c:1531 (( pxQueue ))


Backtrace: 0x40084e7d:0x3ffb4c80 0x40084e45:0x3ffb4ca0 0x4008afb5:0x3ffb4cc0 0x40085666:0x3ffb4de0 0x400d324a:0x3ffb4e20 0x400d3291:0x3ffb4e40 0x400d3201:0x3ffb4e60 0x40085939:0x3ffb4e80




ELF file SHA256: c4a3b02c3

Rebooting...
ets Jul 29 2019 12:21:46

rst:0xc (SW_CPU_RESET),boot:0x13 (SPI_FAST_FLASH_BOOT)
configsip: 0, SPIWP:0xee
clk_drv:0x00,q_drv:0x00,d_drv:0x00,cs0_drv:0x00,hd_drv:0x00,wp_drv:0x00
mode:DIO, clock div:2
load:0x3fff0030,len:6380
ho 0 tail 12 room 4
load:0x40078000,len:15916
load:0x40080400,len:3860
entry 0x40080638
[0;32mI (29) boot: ESP-IDF v5.5.1 2nd stage bootloader[0m
[0;32mI (29) boot: compile time Oct 26 2025 15:33:15[0m
[0;32mI (29) boot: Multicore bootloader[0m
[0;32mI (31) boot: chip revision: v3.1[0m
[0;32mI (33) boot.esp32: SPI Speed      : 40MHz[0m
[0;32mI (37) boot.esp32: SPI Mode       : DIO[0m
[0;32mI (41) boot.esp32: SPI Flash Size : 2MB[0m
[0;32mI (44) boot: Enabling RNG early entropy source...[0m
[0;32mI (49) boot: Partition Table:[0m
[0;32mI (51) boot: ## Label            Usage          Type ST Offset   Length[0m
[0;32mI (58) boot:  0 nvs              WiFi data        01 02 00009000 00006000[0m
[0;32mI (64) boot:  1 phy_init         RF data          01 01 0000f000 00001000[0m
[0;32mI (71) boot:  2 factory          factory app      00 00 00010000 00100000[0m
[0;32mI (77) boot: End of partition table[0m
[0;32mI (80) esp_image: segment 0: paddr=00010020 vaddr=3f400020 size=0774ch ( 30540) map[0m
[0;32mI (98) esp_image: segment 1: paddr=00017774 vaddr=3ffb0000 size=021e8h (  8680) load[0m
[0;32mI (102) esp_image: segment 2: paddr=00019964 vaddr=40080000 size=066b4h ( 26292) load[0m
[0;32mI (113) esp_image: segment 3: paddr=00020020 vaddr=400d0020 size=0fc8ch ( 64652) map[0m
[0;32mI (135) esp_image: segment 4: paddr=0002fcb4 vaddr=400866b4 size=06548h ( 25928) load[0m
[0;32mI (146) esp_image: segment 5: paddr=00036204 vaddr=50000000 size=00020h (    32) load[0m
[0;32mI (152) boot: Loaded app from partition at offset 0x10000[0m
[0;32mI (152) boot: Disabling RNG early entropy source...[0m
[0;32mI (164) cpu_start: Multicore app[0m
[0;32mI (172) cpu_start: Pro cpu start user code[0m
[0;32mI (172) cpu_start: cpu freq: 160000000 Hz[0m
[0;32mI (172) app_init: Application information:[0m
[0;32mI (172) app_init: Project name:     test_htn[0m
[0;32mI (176) app_init: App version:      2cb2986-dirty[0m
[0;32mI (181) app_init: Compile time:     Oct 31 2025 22:57:05[0m
[0;32mI (186) app_init: ELF file SHA256:  c4a3b02c3...[0m
[0;32mI (190) app_init: ESP-IDF:          v5.5.1[0m
[0;32mI (194) efuse_init: Min chip rev:     v0.0[0m
[0;32mI (198) efuse_init: Max chip rev:     v3.99 [0m
[0;32mI (202) efuse_init: Chip rev:         v3.1[0m
[0;32mI (206) heap_init: Initializing. RAM available for dynamic allocation:[0m
[0;32mI (212) heap_init: At 3FFAE6E0 len 00001920 (6 KiB): DRAM[0m
[0;32mI (217) heap_init: At 3FFB2A68 len 0002D598 (181 KiB): DRAM[0m
[0;32mI (222) heap_init: At 3FFE0440 len 00003AE0 (14 KiB): D/IRAM[0m
[0;32mI (228) heap_init: At 3FFE4350 len 0001BCB0 (111 KiB): D/IRAM[0m
[0;32mI (233) heap_init: At 4008CBFC len 00013404 (77 KiB): IRAM[0m
[0;33mW (239) spi_flash: Detected boya flash chip but using generic driver. For optimal functionality, enable `SPI_FLASH_SUPPORT_BOYA_CHIP` in menuconfig[0m
[0;32mI (251) spi_flash: detected chip: generic[0m
[0;32mI (255) spi_flash: flash io: dio[0m
[0;33mW (258) spi_flash: Detected size(4096k) larger than the size in the binary image header(2048k). Using the size in the binary image header.[0m
[0;33mW (270) i2c: This driver is an old driver, please migrate your application code to adapt `driver/i2c_master.h`[0m
[0;32mI (280) main_task: Started on CPU0[0m
[0;32mI (290) main_task: Calling app_main()[0m

assert failed: xQueueReceive queue.c:1531 (( pxQueue ))


Backtrace: 0x40084e7d:0x3ffb4c80 0x40084e45:0x3ffb4ca0 0x4008afb5:0x3ffb4cc0 0x40085666:0x3ffb4de0 0x400d324a:0x3ffb4e20 0x400d3291:0x3ffb4e40 0x400d3201:0x3ffb4e60 0x40085939:0x3ffb4e80




ELF file SHA256: c4a3b02c3

Rebooting...
ets Jul 29 2019 12:21:46

rst:0xc (SW_CPU_RESET),boot:0x13 (SPI_FAST_FLASH_BOOT)
configsip: 0, SPIWP:0xee
clk_drv:0x00,q_drv:0x00,d_drv:0x00,cs0_drv:0x00,hd_drv:0x00,wp_drv:0x00
mode:DIO, clock div:2
load:0x3fff0030,len:6380
ho 0 tail 12 room 4
load:0x40078000,len:15916
load:0x40080400,len:3860
entry 0x40080638
[0;32mI (29) boot: ESP-IDF v5.5.1 2nd stage bootloader[0m
[0;32mI (29) boot: compile time Oct 26 2025 15:33:15[0m
[0;32mI (29) boot: Multicore bootloader[0m
[0;32mI (31) boot: chip revision: v3.1[0m
[0;32mI (33) boot.esp32: SPI Speed      : 40MHz[0m
[0;32mI (37) boot.esp32: SPI Mode       : DIO[0m
[0;32mI (41) boot.esp32: SPI Flash Size : 2MB[0m
[0;32mI (44) boot: Enabling RNG early entropy source...[0m
[0;32mI (49) boot: Partition Table:[0m
[0;32mI (51) boot: ## Label            Usage          Type ST Offset   Length[0m
[0;32mI (58) boot:  0 nvs              WiFi data        01 02 00009000 00006000[0m
[0;32mI (64) boot:  1 phy_init         RF data          01 01 0000f000 00001000[0m
[0;32mI (71) boot:  2 factory          factory app      00 00 00010000 00100000[0m
[0;32mI (77) boot: End of partition table[0m
[0;32mI (80) esp_image: segment 0: paddr=00010020 vaddr=3f400020 size=0774ch ( 30540) map[0m
[0;32mI (98) esp_image: segment 1: paddr=00017774 vaddr=3ffb0000 size=021e8h (  8680) load[0m
[0;32mI (102) esp_image: segment 2: paddr=00019964 vaddr=40080000 size=066b4h ( 26292) load[0m
[0;32mI (113) esp_image: segment 3: paddr=00020020 vaddr=400d0020 size=0fc8ch ( 64652) map[0m
[0;32mI (135) esp_image: segment 4: paddr=0002fcb4 vaddr=400866b4 size=06548h ( 25928) load[0m
[0;32mI (146) esp_image: segment 5: paddr=00036204 vaddr=50000000 size=00020h (    32) load[0m
[0;32mI (152) boot: Loaded app from partition at offset 0x10000[0m
[0;32mI (152) boot: Disabling RNG early entropy source...[0m
[0;32mI (164) cpu_start: Multicore app[0m
[0;32mI (172) cpu_start: Pro cpu start user code[0m
[0;32mI (172) cpu_start: cpu freq: 160000000 Hz[0m
[0;32mI (172) app_init: Application information:[0m
[0;32mI (172) app_init: Project name:     test_htn[0m
[0;32mI (176) app_init: App version:      2cb2986-dirty[0m
[0;32mI (181) app_init: Compile time:     Oct 31 2025 22:57:05[0m
[0;32mI (186) app_init: ELF file SHA256:  c4a3b02c3...[0m
[0;32mI (190) app_init: ESP-IDF:          v5.5.1[0m
[0;32mI (194) efuse_init: Min chip rev:     v0.0[0m
[0;32mI (198) efuse_init: Max chip rev:     v3.99 [0m
[0;32mI (202) efuse_init: Chip rev:         v3.1[0m
[0;32mI (206) heap_init: Initializing. RAM available for dynamic allocation:[0m
[0;32mI (212) heap_init: At 3FFAE6E0 len 00001920 (6 KiB): DRAM[0m
[0;32mI (217) heap_init: At 3FFB2A68 len 0002D598 (181 KiB): DRAM[0m
[0;32mI (222) heap_init: At 3FFE0440 len 00003AE0 (14 KiB): D/IRAM[0m
[0;32mI (228) heap_init: At 3FFE4350 len 0001BCB0 (111 KiB): D/IRAM[0m
[0;32mI (233) heap_init: At 4008CBFC len 00013404 (77 KiB): IRAM[0m
[0;33mW (239) spi_flash: Detected boya flash chip but using generic driver. For optimal functionality, enable `SPI_FLASH_SUPPORT_BOYA_CHIP` in menuconfig[0m
[0;32mI (251) spi_flash: detected chip: generic[0m
[0;32mI (255) spi_flash: flash io: dio[0m
[0;33mW (258) spi_flash: Detected size(4096k) larger than the size in the binary image header(2048k). Using the size in the binary image header.[0m
[0;33mW (270) i2c: This driver is an old driver, please migrate your application code to adapt `driver/i2c_master.h`[0m
[0;32mI (280) main_task: Started on CPU0[0m
[0;32mI (290) main_task: Calling app_main()[0m

assert failed: xQueueReceive queue.c:1531 (( pxQueue ))


Backtrace: 0x40084e7d:0x3ffb4c80 0x40084e45:0x3ffb4ca0 0x4008afb5:0x3ffb4cc0 0x40085666:0x3ffb4de0 0x400d324a:0x3ffb4e20 0x400d3291:0x3ffb4e40 0x400d3201:0x3ffb4e60 0x40085939:0x3ffb4e80




ELF file SHA256: c4a3b02c3

Rebooting...
ets Jul 29 2019 12:21:46

rst:0xc (SW_CPU_RESET),boot:0x13 (SPI_FAST_FLASH_BOOT)
configsip: 0, SPIWP:0xee
clk_drv:0x00,q_drv:0x00,d_drv:0x00,cs0_drv:0x00,hd_drv:0x00,wp_drv:0x00
mode:DIO, clock div:2
load:0x3fff0030,len:6380
ho 0 tail 12 room 4
load:0x40078000,len:15916
load:0x40080400,len:3860
entry 0x40080638
[0;32mI (29) boot: ESP-IDF v5.5.1 2nd stage bootloader[0m
[0;32mI (29) boot: compile time Oct 26 2025 15:33:15[0m
[0;32mI (29) boot: Multicore bootloader[0m
[0;32mI (31) boot: chip revision: v3.1[0m
[0;32mI (33) boot.esp32: SPI Speed      : 40MHz[0m
[0;32mI (37) boot.esp32: SPI Mode       : DIO[0m
[0;32mI (41) boot.esp32: SPI Flash Size : 2MB[0m
[0;32mI (44) boot: Enabling RNG early entropy source...[0m
[0;32mI (49) boot: Partition Table:[0m
[0;32mI (51) boot: ## Label            Usage          Type ST Offset   Length[0m
[0;32mI (58) boot:  0 nvs              WiFi data        01 02 00009000 00006000[0m
[0;32mI (64) boot:  1 phy_init         RF data          01 01 0000f000 00001000[0m
[0;32mI (71) boot:  2 factory          factory app      00 00 00010000 00100000[0m
[0;32mI (77) boot: End of partition table[0m
[0;32mI (80) esp_image: segment 0: paddr=00010020 vaddr=3f400020 size=0774ch ( 30540) map[0m
[0;32mI (98) esp_image: segment 1: paddr=00017774 vaddr=3ffb0000 size=021e8h (  8680) load[0m
[0;32mI (102) esp_image: segment 2: paddr=00019964 vaddr=40080000 size=066b4h ( 26292) load[0m
[0;32mI (113) esp_image: segment 3: paddr=00020020 vaddr=400d0020 size=0fc8ch ( 64652) map[0m
[0;32mI (135) esp_image: segment 4: paddr=0002fcb4 vaddr=400866b4 size=06548h ( 25928) load[0m
[0;32mI (146) esp_image: segment 5: paddr=00036204 vaddr=50000000 size=00020h (    32) load[0m
[0;32mI (152) boot: Loaded app from partition at offset 0x10000[0m
[0;32mI (152) boot: Disabling RNG early entropy source...[0m
[0;32mI (164) cpu_start: Multicore app[0m
[0;32mI (172) cpu_start: Pro cpu start user code[0m
[0;32mI (172) cpu_start: cpu freq: 160000000 Hz[0m
[0;32mI (172) app_init: Application information:[0m
[0;32mI (172) app_init: Project name:     test_htn[0m
[0;32mI (176) app_init: App version:      2cb2986-dirty[0m
[0;32mI (181) app_init: Compile time:     Oct 31 2025 22:57:05[0m
[0;32mI (186) app_init: ELF file SHA256:  c4a3b02c3...[0m
[0;32mI (190) app_init: ESP-IDF:          v5.5.1[0m
[0;32mI (194) efuse_init: Min chip rev:     v0.0[0m
[0;32mI (198) efuse_init: Max chip rev:     v3.99 [0m
[0;32mI (202) efuse_init: Chip rev:         v3.1[0m
[0;32mI (206) heap_init: Initializing. RAM available for dynamic allocation:[0m
[0;32mI (212) heap_init: At 3FFAE6E0 len 00001920 (6 KiB): DRAM[0m
[0;32mI (217) heap_init: At 3FFB2A68 len 0002D598 (181 KiB): DRAM[0m
[0;32mI (222) heap_init: At 3FFE0440 len 00003AE0 (14 KiB): D/IRAM[0m
[0;32mI (228) heap_init: At 3FFE4350 len 0001BCB0 (111 KiB): D/IRAM[0m
[0;32mI (233) heap_init: At 4008CBFC len 00013404 (77 KiB): IRAM[0m
[0;33mW (239) spi_flash: Detected boya flash chip but using generic driver. For optimal functionality, enable `SPI_FLASH_SUPPORT_BOYA_CHIP` in menuconfig[0m
[0;32mI (251) spi_flash: detected chip: generic[0m
[0;32mI (255) spi_flash: flash io: dio[0m
[0;33mW (258) spi_flash: Detected size(4096k) larger than the size in the binary image header(2048k). Using the size in the binary image header.[0m
[0;33mW (270) i2c: This driver is an old driver, please migrate your application code to adapt `driver/i2c_master.h`[0m
[0;32mI (280) main_task: Started on CPU0[0m
[0;32mI (290) main_task: Calling app_main()[0m

assert failed: xQueueReceive queue.c:1531 (( pxQueue ))


Backtrace: 0x40084e7d:0x3ffb4c80 0x40084e45:0x3ffb4ca0 0x4008afb5:0x3ffb4cc0 0x40085666:0x3ffb4de0 0x400d324a:0x3ffb4e20 0x400d3291:0x3ffb4e40 0x400d3201:0x3ffb4e60 0x40085939:0x3ffb4e80




ELF file SHA256: c4a3b02c3

Rebooting...
ets Jul 29 2019 12:21:46

rst:0xc (SW_CPU_RESET),boot:0x13 (SPI_FAST_FLASH_BOOT)
configsip: 0, SPIWP:0xee
clk_drv:0x00,q_drv:0x00,d_drv:0x00,cs0_drv:0x00,hd_drv:0x00,wp_drv:0x00
mode:DIO, clock div:2
load:0x3fff0030,len:6380
ho 0 tail 12 room 4
load:0x40078000,len:15916
load:0x40080400,len:3860
entry 0x40080638
[0;32mI (29) boot: ESP-IDF v5.5.1 2nd stage bootloader[0m
[0;32mI (29) boot: compile time Oct 26 2025 15:33:15[0m
[0;32mI (29) boot: Multicore bootloader[0m
[0;32mI (31) boot: chip revision: v3.1[0m
[0;32mI (33) boot.esp32: SPI Speed      : 40MHz[0m
[0;32mI (37) boot.esp32: SPI Mode       : DIO[0m
[0;32mI (41) boot.esp32: SPI Flash Size : 2MB[0m
[0;32mI (44) boot: Enabling RNG early entropy source...[0m
[0;32mI (49) boot: Partition Table:[0m
[0;32mI (51) boot: ## Label            Usage          Type ST Offset   Length[0m
[0;32mI (58) boot:  0 nvs              WiFi data        01 02 00009000 00006000[0m
[0;32mI (64) boot:  1 phy_init         RF data          01 01 0000f000 00001000[0m
[0;32mI (71) boot:  2 factory          factory app      00 00 00010000 00100000[0m
[0;32mI (77) boot: End of partition table[0m
[0;32mI (80) esp_image: segment 0: paddr=00010020 vaddr=3f400020 size=0774ch ( 30540) map[0m
[0;32mI (98) esp_image: segment 1: paddr=00017774 vaddr=3ffb0000 size=021e8h (  8680) load[0m
[0;32mI (102) esp_image: segment 2: paddr=00019964 vaddr=40080000 size=066b4h ( 26292) load[0m
[0;32mI (113) esp_image: segment 3: paddr=00020020 vaddr=400d0020 size=0fc8ch ( 64652) map[0m
[0;32mI (135) esp_image: segment 4: paddr=0002fcb4 vaddr=400866b4 size=06548h ( 25928) load[0m
[0;32mI (146) esp_image: segment 5: paddr=00036204 vaddr=50000000 size=00020h (    32) load[0m
[0;32mI (152) boot: Loaded app from partition at offset 0x10000[0m
[0;32mI (152) boot: Disabling RNG early entropy source...[0m
[0;32mI (164) cpu_start: Multicore app[0m
[0;32mI (172) cpu_start: Pro cpu start user code[0m
[0;32mI (172) cpu_start: cpu freq: 160000000 Hz[0m
[0;32mI (172) app_init: Application information:[0m
[0;32mI (172) app_init: Project name:     test_htn[0m
[0;32mI (176) app_init: App version:      2cb2986-dirty[0m
[0;32mI (181) app_init: Compile time:     Oct 31 2025 22:57:05[0m
[0;32mI (186) app_init: ELF file SHA256:  c4a3b02c3...[0m
[0;32mI (190) app_init: ESP-IDF:          v5.5.1[0m
[0;32mI (194) efuse_init: Min chip rev:     v0.0[0m
[0;32mI (198) efuse_init: Max chip rev:     v3.99 [0m
[0;32mI (202) efuse_init: Chip rev:         v3.1[0m
[0;32mI (206) heap_init: Initializing. RAM available for dynamic allocation:[0m
[0;32mI (212) heap_init: At 3FFAE6E0 len 00001920 (6 KiB): DRAM[0m
[0;32mI (217) heap_init: At 3FFB2A68 len 0002D598 (181 KiB): DRAM[0m
[0;32mI (222) heap_init: At 3FFE0440 len 00003AE0 (14 KiB): D/IRAM[0m
[0;32mI (228) heap_init: At 3FFE4350 len 0001BCB0 (111 KiB): D/IRAM[0m
[0;32mI (233) heap_init: At 4008CBFC len 00013404 (77 KiB): IRAM[0m
[0;33mW (239) spi_flash: Detected boya flash chip but using generic driver. For optimal functionality, enable `SPI_FLASH_SUPPORT_BOYA_CHIP` in menuconfig[0m
[0;32mI (251) spi_flash: detected chip: generic[0m
[0;32mI (255) spi_flash: flash io: dio[0m
[0;33mW (258) spi_flash: Detected size(4096k) larger than the size in the binary image header(2048k). Using the size in the binary image header.[0m
[0;33mW (270) i2c: This driver is an old driver, please migrate your application code to adapt `driver/i2c_master.h`[0m
[0;32mI (280) main_task: Started on CPU0[0m
[0;32mI (290) main_task: Calling app_main()[0m

assert failed: xQueueReceive queue.c:1531 (( pxQueue ))


Backtrace: 0x40084e7d:0x3ffb4c80 0x40084e45:0x3ffb4ca0 0x4008afb5:0x3ffb4cc0 0x40085666:0x3ffb4de0 0x400d324a:0x3ffb4e20 0x400d3291:0x3ffb4e40 0x400d3201:0x3ffb4e60 0x40085939:0x3ffb4e80




ELF file SHA256: c4a3b02c3

Rebooting...
ets Jul 29 2019 12:21:46

rst:0xc (SW_CPU_RESET),boot:0x13 (SPI_FAST_FLASH_BOOT)
configsip: 0, SPIWP:0xee
clk_drv:0x00,q_drv:0x00,d_drv:0x00,cs0_drv:0x00,hd_drv:0x00,wp_drv:0x00
mode:DIO, clock div:2
load:0x3fff0030,len:6380
ho 0 tail 12 room 4
load:0x40078000,len:15916
load:0x40080400,len:3860
entry 0x40080638
[0;32mI (29) boot: ESP-IDF v5.5.1 2nd stage bootloader[0m
[0;32mI (29) boot: compile time Oct 26 2025 15:33:15[0m
[0;32mI (29) boot: Multicore bootloader[0m
[0;32mI (31) boot: chip revision: v3.1[0m
[0;32mI (33) boot.esp32: SPI Speed      : 40MHz[0m
[0;32mI (37) boot.esp32: SPI Mode       : DIO[0m
[0;32mI (41) boot.esp32: SPI Flash Size : 2MB[0m
[0;32mI (44) boot: Enabling RNG early entropy source...[0m
[0;32mI (49) boot: Partition Table:[0m
[0;32mI (51) boot: ## Label            Usage          Type ST Offset   Length[0m
[0;32mI (58) boot:  0 nvs              WiFi data        01 02 00009000 00006000[0m
[0;32mI (64) boot:  1 phy_init         RF data          01 01 0000f000 00001000[0m
[0;32mI (71) boot:  2 factory          factory app      00 00 00010000 00100000[0m
[0;32mI (77) boot: End of partition table[0m
[0;32mI (80) esp_image: segment 0: paddr=00010020 vaddr=3f400020 size=0774ch ( 30540) map[0m
[0;32mI (98) esp_image: segment 1: paddr=00017774 vaddr=3ffb0000 size=021e8h (  8680) load[0m
[0;32mI (102) esp_image: segment 2: paddr=00019964 vaddr=40080000 size=066b4h ( 26292) load[0m
[0;32mI (113) esp_image: segment 3: paddr=00020020 vaddr=400d0020 size=0fc8ch ( 64652) map[0m
[0;32mI (135) esp_image: segment 4: paddr=0002fcb4 vaddr=400866b4 size=06548h ( 25928) load[0m
[0;32mI (146) esp_image: segment 5: paddr=00036204 vaddr=50000000 size=00020h (    32) load[0m
[0;32mI (152) boot: Loaded app from partition at offset 0x10000[0m
[0;32mI (152) boot: Disabling RNG early entropy source...[0m
[0;32mI (164) cpu_start: Multicore app[0m
[0;32mI (172) cpu_start: Pro cpu start user code[0m
[0;32mI (172) cpu_start: cpu freq: 160000000 Hz[0m
[0;32mI (172) app_init: Application information:[0m
[0;32mI (172) app_init: Project name:     test_htn[0m
[0;32mI (176) app_init: App version:      2cb2986-dirty[0m
[0;32mI (181) app_init: Compile time:     Oct 31 2025 22:57:05[0m
[0;32mI (186) app_init: ELF file SHA256:  c4a3b02c3...[0m
[0;32mI (190) app_init: ESP-IDF:          v5.5.1[0m
[0;32mI (194) efuse_init: Min chip rev:     v0.0[0m
[0;32mI (198) efuse_init: Max chip rev:     v3.99 [0m
[0;32mI (202) efuse_init: Chip rev:         v3.1[0m
[0;32mI (206) heap_init: Initializing. RAM available for dynamic allocation:[0m
[0;32mI (212) heap_init: At 3FFAE6E0 len 00001920 (6 KiB): DRAM[0m
[0;32mI (217) heap_init: At 3FFB2A68 len 0002D598 (181 KiB): DRAM[0m
[0;32mI (222) heap_init: At 3FFE0440 len 00003AE0 (14 KiB): D/IRAM[0m
[0;32mI (228) heap_init: At 3FFE4350 len 0001BCB0 (111 KiB): D/IRAM[0m
[0;32mI (233) heap_init: At 4008CBFC len 00013404 (77 KiB): IRAM[0m
[0;33mW (239) spi_flash: Detected boya flash chip but using generic driver. For optimal functionality, enable `SPI_FLASH_SUPPORT_BOYA_CHIP` in menuconfig[0m
[0;32mI (251) spi_flash: detected chip: generic[0m
[0;32mI (255) spi_flash: flash io: dio[0m
[0;33mW (258) spi_flash: Detected size(4096k) larger than the size in the binary image header(2048k). Using the size in the binary image header.[0m
[0;33mW (270) i2c: This driver is an old driver, please migrate your application code to adapt `driver/i2c_master.h`[0m
[0;32mI (280) main_task: Started on CPU0[0m
[0;32mI (290) main_task: Calling app_main()[0m

assert failed: xQueueReceive queue.c:1531 (( pxQueue ))


Backtrace: 0x40084e7d:0x3ffb4c80 0x40084e45:0x3ffb4ca0 0x4008afb5:0x3ffb4cc0 0x40085666:0x3ffb4de0 0x400d324a:0x3ffb4e20 0x400d3291:0x3ffb4e40 0x400d3201:0x3ffb4e60 0x40085939:0x3ffb4e80




ELF file SHA256: c4a3b02c3

Rebooting...
ets Jul 29 2019 12:21:46

rst:0xc (SW_CPU_RESET),boot:0x13 (SPI_FAST_FLASH_BOOT)
configsip: 0, SPIWP:0xee
clk_drv:0x00,q_drv:0x00,d_drv:0x00,cs0_drv:0x00,hd_drv:0x00,wp_drv:0x00
mode:DIO, clock div:2
load:0x3fff0030,len:6380
ho 0 tail 12 room 4
load:0x40078000,len:15916
load:0x40080400,len:3860
entry 0x40080638
[0;32mI (29) boot: ESP-IDF v5.5.1 2nd stage bootloader[0m
[0;32mI (29) boot: compile time Oct 26 2025 15:33:15[0m
[0;32mI (29) boot: Multicore bootloader[0m
[0;32mI (31) boot: chip revision: v3.1[0m
[0;32mI (33) boot.esp32: SPI Speed      : 40MHz[0m
[0;32mI (37) boot.esp32: SPI Mode       : DIO[0m
[0;32mI (41) boot.esp32: SPI Flash Size : 2MB[0m
[0;32mI (44) boot: Enabling RNG early entropy source...[0m
[0;32mI (49) boot: Partition Table:[0m
[0;32mI (51) boot: ## Label            Usage          Type ST Offset   Length[0m
[0;32mI (58) boot:  0 nvs              WiFi data        01 02 00009000 00006000[0m
[0;32mI (64) boot:  1 phy_init         RF data          01 01 0000f000 00001000[0m
[0;32mI (71) boot:  2 factory          factory app      00 00 00010000 00100000[0m
[0;32mI (77) boot: End of partition table[0m
[0;32mI (80) esp_image: segment 0: paddr=00010020 vaddr=3f400020 size=0774ch ( 30540) map[0m
[0;32mI (98) esp_image: segment 1: paddr=00017774 vaddr=3ffb0000 size=021e8h (  8680) load[0m
[0;32mI (102) esp_image: segment 2: paddr=00019964 vaddr=40080000 size=066b4h ( 26292) load[0m
[0;32mI (113) esp_image: segment 3: paddr=00020020 vaddr=400d0020 size=0fc8ch ( 64652) map[0m
[0;32mI (135) esp_image: segment 4: paddr=0002fcb4 vaddr=400866b4 size=06548h ( 25928) load[0m
[0;32mI (146) esp_image: segment 5: paddr=00036204 vaddr=50000000 size=00020h (    32) load[0m
[0;32mI (152) boot: Loaded app from partition at offset 0x10000[0m
[0;32mI (152) boot: Disabling RNG early entropy source...[0m
[0;32mI (164) cpu_start: Multicore app[0m
[0;32mI (172) cpu_start: Pro cpu start user code[0m
[0;32mI (172) cpu_start: cpu freq: 160000000 Hz[0m
[0;32mI (172) app_init: Application information:[0m
[0;32mI (172) app_init: Project name:     test_htn[0m
[0;32mI (176) app_init: App version:      2cb2986-dirty[0m
[0;32mI (181) app_init: Compile time:     Oct 31 2025 22:57:05[0m
[0;32mI (186) app_init: ELF file SHA256:  c4a3b02c3...[0m
[0;32mI (190) app_init: ESP-IDF:          v5.5.1[0m
[0;32mI (194) efuse_init: Min chip rev:     v0.0[0m
[0;32mI (198) efuse_init: Max chip rev:     v3.99 [0m
[0;32mI (202) efuse_init: Chip rev:         v3.1[0m
[0;32mI (206) heap_init: Initializing. RAM available for dynamic allocation:[0m
[0;32mI (212) heap_init: At 3FFAE6E0 len 00001920 (6 KiB): DRAM[0m
[0;32mI (217) heap_init: At 3FFB2A68 len 0002D598 (181 KiB): DRAM[0m
[0;32mI (222) heap_init: At 3FFE0440 len 00003AE0 (14 KiB): D/IRAM[0m
[0;32mI (228) heap_init: At 3FFE4350 len 0001BCB0 (111 KiB): D/IRAM[0m
[0;32mI (233) heap_init: At 4008CBFC len 00013404 (77 KiB): IRAM[0m
[0;33mW (239) spi_flash: Detected boya flash chip but using generic driver. For optimal functionality, enable `SPI_FLASH_SUPPORT_BOYA_CHIP` in menuconfig[0m
[0;32mI (251) spi_flash: detected chip: generic[0m
[0;32mI (255) spi_flash: flash io: dio[0m
[0;33mW (258) spi_flash: Detected size(4096k) larger than the size in the binary image header(2048k). Using the size in the binary image header.[0m
[0;33mW (270) i2c: This driver is an old driver, please migrate your application code to adapt `driver/i2c_master.h`[0m
[0;32mI (280) main_task: Started on CPU0[0m
[0;32mI (290) main_task: Calling app_main()[0m

assert failed: xQueueReceive queue.c:1531 (( pxQueue ))


Backtrace: 0x40084e7d:0x3ffb4c80 0x40084e45:0x3ffb4ca0 0x4008afb5:0x3ffb4cc0 0x40085666:0x3ffb4de0 0x400d324a:0x3ffb4e20 0x400d3291:0x3ffb4e40 0x400d3201:0x3ffb4e60 0x40085939:0x3ffb4e80




ELF file SHA256: c4a3b02c3

Rebooting...
ets Jul 29 2019 12:21:46

rst:0xc (SW_CPU_RESET),boot:0x13 (SPI_FAST_FLASH_BOOT)
configsip: 0, SPIWP:0xee
clk_drv:0x00,q_drv:0x00,d_drv:0x00,cs0_drv:0x00,hd_drv:0x00,wp_drv:0x00
mode:DIO, clock div:2
load:0x3fff0030,len:6380
ho 0 tail 12 room 4
load:0x40078000,len:15916
load:0x40080400,len:3860
entry 0x40080638
[0;32mI (29) boot: ESP-IDF v5.5.1 2nd stage bootloader[0m
[0;32mI (29) boot: compile time Oct 26 2025 15:33:15[0m
[0;32mI (29) boot: Multicore bootloader[0m
[0;32mI (31) boot: chip revision: v3.1[0m
[0;32mI (33) boot.esp32: SPI Speed      : 40MHz[0m
[0;32mI (37) boot.esp32: SPI Mode       : DIO[0m
[0;32mI (41) boot.esp32: SPI Flash Size : 2MB[0m
[0;32mI (44) boot: Enabling RNG early entropy source...[0m
[0;32mI (49) boot: Partition Table:[0m
[0;32mI (51) boot: ## Label            Usage          Type ST Offset   Length[0m
[0;32mI (58) boot:  0 nvs              WiFi data        01 02 00009000 00006000[0m
[0;32mI (64) boot:  1 phy_init         RF data          01 01 0000f000 00001000[0m
[0;32mI (71) boot:  2 factory          factory app      00 00 00010000 00100000[0m
[0;32mI (77) boot: End of partition table[0m
[0;32mI (80) esp_image: segment 0: paddr=00010020 vaddr=3f400020 size=0774ch ( 30540) map[0m
[0;32mI (98) esp_image: segment 1: paddr=00017774 vaddr=3ffb0000 size=021e8h (  8680) load[0m
[0;32mI (102) esp_image: segment 2: paddr=00019964 vaddr=40080000 size=066b4h ( 26292) load[0m
[0;32mI (113) esp_image: segment 3: paddr=00020020 vaddr=400d0020 size=0fc8ch ( 64652) map[0m
[0;32mI (135) esp_image: segment 4: paddr=0002fcb4 vaddr=400866b4 size=06548h ( 25928) load[0m
[0;32mI (146) esp_image: segment 5: paddr=00036204 vaddr=50000000 size=00020h (    32) load[0m
[0;32mI (152) boot: Loaded app from partition at offset 0x10000[0m
[0;32mI (152) boot: Disabling RNG early entropy source...[0m
[0;32mI (164) cpu_start: Multicore app[0m
[0;32mI (172) cpu_start: Pro cpu start user code[0m
[0;32mI (172) cpu_start: cpu freq: 160000000 Hz[0m
[0;32mI (172) app_init: Application information:[0m
[0;32mI (172) app_init: Project name:     test_htn[0m
[0;32mI (176) app_init: App version:      2cb2986-dirty[0m
[0;32mI (181) app_init: Compile time:     Oct 31 2025 22:57:05[0m
[0;32mI (186) app_init: ELF file SHA256:  c4a3b02c3...[0m
[0;32mI (190) app_init: ESP-IDF:          v5.5.1[0m
[0;32mI (194) efuse_init: Min chip rev:     v0.0[0m
[0;32mI (198) efuse_init: Max chip rev:     v3.99 [0m
[0;32mI (202) efuse_init: Chip rev:         v3.1[0m
[0;32mI (206) heap_init: Initializing. RAM available for dynamic allocation:[0m
[0;32mI (212) heap_init: At 3FFAE6E0 len 00001920 (6 KiB): DRAM[0m
[0;32mI (217) heap_init: At 3FFB2A68 len 0002D598 (181 KiB): DRAM[0m
[0;32mI (222) heap_init: At 3FFE0440 len 00003AE0 (14 KiB): D/IRAM[0m
[0;32mI (228) heap_init: At 3FFE4350 len 0001BCB0 (111 KiB): D/IRAM[0m
[0;32mI (233) heap_init: At 4008CBFC len 00013404 (77 KiB): IRAM[0m
[0;33mW (239) spi_flash: Detected boya flash chip but using generic driver. For optimal functionality, enable `SPI_FLASH_SUPPORT_BOYA_CHIP` in menuconfig[0m
I (251) spi_flash: detected chip: generic
[0;32mI (255) spi_flash: flash io: dio[0m
[0;33mW (258) spi_flash: Detected size(4096k) larger than the size in the binary image header(2048k). Using the size in the binary image header.[0m
[0;33mW (270) i2c: This driver is an old driver, please migrate your application code to adapt `driver/i2c_master.h`[0m
[0;32mI (280) main_task: Started on CPU0[0m
[0;32mI (290) main_task: Calling app_main()[0m

assert failed: xQueueReceive queue.c:1531 (( pxQueue ))


Backtrace: 0x40084e7d:0x3ffb4c80 0x40084e45:0x3ffb4ca0 0x4008afb5:0x3ffb4cc0 0x40085666:0x3ffb4de0 0x400d324a:0x3ffb4e20 0x400d3291:0x3ffb4e40 0x400d3201:0x3ffb4e60 0x40085939:0x3ffb4e80




ELF file SHA256: c4a3b02c3

Rebooting...
ets Jul 29 2019 12:21:46

rst:0xc (SW_CPU_RESET),boot:0x13 (SPI_FAST_FLASH_BOOT)
configsip: 0, SPIWP:0xee
clk_drv:0x00,q_drv:0x00,d_drv:0x00,cs0_drv:0x00,hd_drv:0x00,wp_drv:0x00
mode:DIO, clock div:2
load:0x3fff0030,len:6380
ho 0 tail 12 room 4
load:0x40078000,len:15916
load:0x40080400,len:3860
entry 0x40080638
[0;32mI (29) boot: ESP-IDF v5.5.1 2nd stage bootloader[0m
[0;32mI (29) boot: compile time Oct 26 2025 15:33:15[0m
[0;32mI (29) boot: Multicore bootloader[0m
[0;32mI (31) boot: chip revision: v3.1[0m
[0;32mI (33) boot.esp32: SPI Speed      : 40MHz[0m
[0;32mI (37) boot.esp32: SPI Mode       : DIO[0m
[0;32mI (41) boot.esp32: SPI Flash Size : 2MB[0m
[0;32mI (44) boot: Enabling RNG early entropy source...[0m
[0;32mI (49) boot: Partition Table:[0m
[0;32mI (51) boot: ## Label            Usage          Type ST Offset   Length[0m
[0;32mI (58) boot:  0 nvs              WiFi data        01 02 00009000 00006000[0m
[0;32mI (64) boot:  1 phy_init         RF data          01 01 0000f000 00001000[0m
[0;32mI (71) boot:  2 factory          factory app      00 00 00010000 00100000[0m
[0;32mI (77) boot: End of partition table[0m
[0;32mI (80) esp_image: segment 0: paddr=00010020 vaddr=3f400020 size=0774ch ( 30540) map[0m
[0;32mI (98) esp_image: segment 1: paddr=00017774 vaddr=3ffb0000 size=021e8h (  8680) load[0m
[0;32mI (102) esp_image: segment 2: paddr=00019964 vaddr=40080000 size=066b4h ( 26292) load[0m
[0;32mI (113) esp_image: segment 3: paddr=00020020 vaddr=400d0020 size=0fc8ch ( 64652) map[0m
[0;32mI (135) esp_image: segment 4: paddr=0002fcb4 vaddr=400866b4 size=06548h ( 25928) load[0m
[0;32mI (146) esp_image: segment 5: paddr=00036204 vaddr=50000000 size=00020h (    32) load[0m
[0;32mI (152) boot: Loaded app from partition at offset 0x10000[0m
[0;32mI (152) boot: Disabling RNG early entropy source...[0m
[0;32mI (164) cpu_start: Multicore app[0m
[0;32mI (172) cpu_start: Pro cpu start user code[0m
[0;32mI (172) cpu_start: cpu freq: 160000000 Hz[0m
[0;32mI (172) app_init: Application information:[0m
[0;32mI (172) app_init: Project name:     test_htn[0m
[0;32mI (176) app_init: App version:      2cb2986-dirty[0m
[0;32mI (181) app_init: Compile time:     Oct 31 2025 22:57:05[0m
[0;32mI (186) app_init: ELF file SHA256:  c4a3b02c3...[0m
[0;32mI (190) app_init: ESP-IDF:          v5.5.1[0m
[0;32mI (194) efuse_init: Min chip rev:     v0.0[0m
[0;32mI (198) efuse_init: Max chip rev:     v3.99 [0m
[0;32mI (202) efuse_init: Chip rev:         v3.1[0m
[0;32mI (206) heap_init: Initializing. RAM available for dynamic allocation:[0m
[0;32mI (212) heap_init: At 3FFAE6E0 len 00001920 (6 KiB): DRAM[0m
[0;32mI (217) heap_init: At 3FFB2A68 len 0002D598 (181 KiB): DRAM[0m
[0;32mI (222) heap_init: At 3FFE0440 len 00003AE0 (14 KiB): D/IRAM[0m
[0;32mI (228) heap_init: At 3FFE4350 len 0001BCB0 (111 KiB): D/IRAM[0m
[0;32mI (233) heap_init: At 4008CBFC len 00013404 (77 KiB): IRAM[0m
[0;33mW (239) spi_flash: Detected boya flash chip but using generic driver. For optimal functionality, enable `SPI_FLASH_SUPPORT_BOYA_CHIP` in menuconfig[0m
[0;32mI (251) spi_flash: detected chip: generic[0m
[0;32mI (255) spi_flash: flash io: dio[0m
[0;33mW (258) spi_flash: Detected size(4096k) larger than the size in the binary image header(2048k). Using the size in the binary image header.[0m
[0;33mW (270) i2c: This driver is an old driver, please migrate your application code to adapt `driver/i2c_master.h`[0m
[0;32mI (280) main_task: Started on CPU0[0m
[0;32mI (290) main_task: Calling app_main()[0m

assert failed: xQueueReceive queue.c:1531 (( pxQueue ))


Backtrace: 0x40084e7d:0x3ffb4c80 0x40084e45:0x3ffb4ca0 0x4008afb5:0x3ffb4cc0 0x40085666:0x3ffb4de0 0x400d324a:0x3ffb4e20 0x400d3291:0x3ffb4e40 0x400d3201:0x3ffb4e60 0x40085939:0x3ffb4e80




ELF file SHA256: c4a3b02c3

Rebooting...
ets Jul 29 2019 12:21:46

rst:0xc (SW_CPU_RESET),boot:0x13 (SPI_FAST_FLASH_BOOT)
configsip: 0, SPIWP:0xee
clk_drv:0x00,q_drv:0x00,d_drv:0x00,cs0_drv:0x00,hd_drv:0x00,wp_drv:0x00
mode:DIO, clock div:2
load:0x3fff0030,len:6380
ho 0 tail 12 room 4
load:0x40078000,len:15916
load:0x40080400,len:3860
entry 0x40080638
[0;32mI (29) boot: ESP-IDF v5.5.1 2nd stage bootloader[0m
[0;32mI (29) boot: compile time Oct 26 2025 15:33:15[0m
[0;32mI (29) boot: Multicore bootloader[0m
[0;32mI (31) boot: chip revision: v3.1[0m
[0;32mI (33) boot.esp32: SPI Speed      : 40MHz[0m
[0;32mI (37) boot.esp32: SPI Mode       : DIO[0m
[0;32mI (41) boot.esp32: SPI Flash Size : 2MB[0m
[0;32mI (44) boot: Enabling RNG early entropy source...[0m
[0;32mI (49) boot: Partition Table:[0m
[0;32mI (51) boot: ## Label            Usage          Type ST Offset   Length[0m
[0;32mI (58) boot:  0 nvs              WiFi data        01 02 00009000 00006000[0m
[0;32mI (64) boot:  1 phy_init         RF data          01 01 0000f000 00001000[0m
[0;32mI (71) boot:  2 factory          factory app      00 00 00010000 00100000[0m
[0;32mI (77) boot: End of partition table[0m
[0;32mI (80) esp_image: segment 0: paddr=00010020 vaddr=3f400020 size=0774ch ( 30540) map[0m
[0;32mI (98) esp_image: segment 1: paddr=00017774 vaddr=3ffb0000 size=021e8h (  8680) load[0m
[0;32mI (102) esp_image: segment 2: paddr=00019964 vaddr=40080000 size=066b4h ( 26292) load[0m
[0;32mI (113) esp_image: segment 3: paddr=00020020 vaddr=400d0020 size=0fc8ch ( 64652) map[0m
[0;32mI (135) esp_image: segment 4: paddr=0002fcb4 vaddr=400866b4 size=06548h ( 25928) load[0m
[0;32mI (146) esp_image: segment 5: paddr=00036204 vaddr=50000000 size=00020h (    32) load[0m
[0;32mI (152) boot: Loaded app from partition at offset 0x10000[0m
[0;32mI (152) boot: Disabling RNG early entropy source...[0m
[0;32mI (164) cpu_start: Multicore app[0m
[0;32mI (172) cpu_start: Pro cpu start user code[0m
[0;32mI (172) cpu_start: cpu freq: 160000000 Hz[0m
[0;32mI (172) app_init: Application information:[0m
[0;32mI (172) app_init: Project name:     test_htn[0m
[0;32mI (176) app_init: App version:      2cb2986-dirty[0m
[0;32mI (181) app_init: Compile time:     Oct 31 2025 22:57:05[0m
[0;32mI (186) app_init: ELF file SHA256:  c4a3b02c3...[0m
[0;32mI (190) app_init: ESP-IDF:          v5.5.1[0m
[0;32mI (194) efuse_init: Min chip rev:     v0.0[0m
[0;32mI (198) efuse_init: Max chip rev:     v3.99 [0m
[0;32mI (202) efuse_init: Chip rev:         v3.1[0m
[0;32mI (206) heap_init: Initializing. RAM available for dynamic allocation:[0m
[0;32mI (212) heap_init: At 3FFAE6E0 len 00001920 (6 KiB): DRAM[0m
[0;32mI (217) heap_init: At 3FFB2A68 len 0002D598 (181 KiB): DRAM[0m
[0;32mI (222) heap_init: At 3FFE0440 len 00003AE0 (14 KiB): D/IRAM[0m
[0;32mI (228) heap_init: At 3FFE4350 len 0001BCB0 (111 KiB): D/IRAM[0m
[0;32mI (233) heap_init: At 4008CBFC len 00013404 (77 KiB): IRAM[0m
[0;33mW (239) spi_flash: Detected boya flash chip but using generic driver. For optimal functionality, enable `SPI_FLASH_SUPPORT_BOYA_CHIP` in menuconfig[0m
[0;32mI (251) spi_flash: detected chip: generic[0m
[0;32mI (255) spi_flash: flash io: dio[0m
[0;33mW (258) spi_flash: Detected size(4096k) larger than the size in the binary image header(2048k). Using the size in the binary image header.[0m
[0;33mW (270) i2c: This driver is an old driver, please migrate your application code to adapt `driver/i2c_master.h`[0m
[0;32mI (280) main_task: Started on CPU0[0m
[0;32mI (290) main_task: Calling app_main()[0m

assert failed: xQueueReceive queue.c:1531 (( pxQueue ))


Backtrace: 0x40084e7d:0x3ffb4c80 0x40084e45:0x3ffb4ca0 0x4008afb5:0x3ffb4cc0 0x40085666:0x3ffb4de0 0x400d324a:0x3ffb4e20 0x400d3291:0x3ffb4e40 0x400d3201:0x3ffb4e60 0x40085939:0x3ffb4e80




ELF file SHA256: c4a3b02c3

Rebooting...
ets Jul 29 2019 12:21:46

rst:0xc (SW_CPU_RESET),boot:0x13 (SPI_FAST_FLASH_BOOT)
configsip: 0, SPIWP:0xee
clk_drv:0x00,q_drv:0x00,d_drv:0x00,cs0_drv:0x00,hd_drv:0x00,wp_drv:0x00
mode:DIO, clock div:2
load:0x3fff0030,len:6380
ho 0 tail 12 room 4
load:0x40078000,len:15916
load:0x40080400,len:3860
entry 0x40080638
[0;32mI (29) boot: ESP-IDF v5.5.1 2nd stage bootloader[0m
[0;32mI (29) boot: compile time Oct 26 2025 15:33:15[0m
[0;32mI (29) boot: Multicore bootloader[0m
[0;32mI (31) boot: chip revision: v3.1[0m
[0;32mI (33) boot.esp32: SPI Speed      : 40MHz[0m
[0;32mI (37) boot.esp32: SPI Mode       : DIO[0m
[0;32mI (41) boot.esp32: SPI Flash Size : 2MB[0m
[0;32mI (44) boot: Enabling RNG early entropy source...[0m
[0;32mI (49) boot: Partition Table:[0m
[0;32mI (51) boot: ## Label            Usage          Type ST Offset   Length[0m
[0;32mI (58) boot:  0 nvs              WiFi data        01 02 00009000 00006000[0m
[0;32mI (64) boot:  1 phy_init         RF data          01 01 0000f000 00001000[0m
[0;32mI (71) boot:  2 factory          factory app      00 00 00010000 00100000[0m
[0;32mI (77) boot: End of partition table[0m
[0;32mI (80) esp_image: segment 0: paddr=00010020 vaddr=3f400020 size=0774ch ( 30540) map[0m
[0;32mI (98) esp_image: segment 1: paddr=00017774 vaddr=3ffb0000 size=021e8h (  8680) load[0m
[0;32mI (102) esp_image: segment 2: paddr=00019964 vaddr=40080000 size=066b4h ( 26292) load[0m
[0;32mI (113) esp_image: segment 3: paddr=00020020 vaddr=400d0020 size=0fc8ch ( 64652) map[0m
[0;32mI (135) esp_image: segment 4: paddr=0002fcb4 vaddr=400866b4 size=06548h ( 25928) load[0m
[0;32mI (146) esp_image: segment 5: paddr=00036204 vaddr=50000000 size=00020h (    32) load[0m
[0;32mI (152) boot: Loaded app from partition at offset 0x10000[0m
[0;32mI (152) boot: Disabling RNG early entropy source...[0m
[0;32mI (164) cpu_start: Multicore app[0m
[0;32mI (172) cpu_start: Pro cpu start user code[0m
[0;32mI (172) cpu_start: cpu freq: 160000000 Hz[0m
[0;32mI (172) app_init: Application information:[0m
[0;32mI (172) app_init: Project name:     test_htn[0m
[0;32mI (176) app_init: App version:      2cb2986-dirty[0m
[0;32mI (181) app_init: Compile time:     Oct 31 2025 22:57:05[0m
[0;32mI (186) app_init: ELF file SHA256:  c4a3b02c3...[0m
[0;32mI (190) app_init: ESP-IDF:          v5.5.1[0m
[0;32mI (194) efuse_init: Min chip rev:     v0.0[0m
[0;32mI (198) efuse_init: Max chip rev:     v3.99 [0m
[0;32mI (202) efuse_init: Chip rev:         v3.1[0m
[0;32mI (206) heap_init: Initializing. RAM available for dynamic allocation:[0m
[0;32mI (212) heap_init: At 3FFAE6E0 len 00001920 (6 KiB): DRAM[0m
[0;32mI (217) heap_init: At 3FFB2A68 len 0002D598 (181 KiB): DRAM[0m
[0;32mI (222) heap_init: At 3FFE0440 len 00003AE0 (14 KiB): D/IRAM[0m
[0;32mI (228) heap_init: At 3FFE4350 len 0001BCB0 (111 KiB): D/IRAM[0m
[0;32mI (233) heap_init: At 4008CBFC len 00013404 (77 KiB): IRAM[0m
[0;33mW (239) spi_flash: Detected boya flash chip but using generic driver. For optimal functionality, enable `SPI_FLASH_SUPPORT_BOYA_CHIP` in menuconfig[0m
[0;32mI (251) spi_flash: detected chip: generic[0m
[0;32mI (255) spi_flash: flash io: dio[0m
[0;33mW (258) spi_flash: Detected size(4096k) larger than the size in the binary image header(2048k). Using the size in the binary image header.[0m
[0;33mW (270) i2c: This driver is an old driver, please migrate your application code to adapt `driver/i2c_master.h`[0m
[0;32mI (280) main_task: Started on CPU0[0m
[0;32mI (290) main_task: Calling app_main()[0m

assert failed: xQueueReceive queue.c:1531 (( pxQueue ))


Backtrace: 0x40084e7d:0x3ffb4c80 0x40084e45:0x3ffb4ca0 0x4008afb5:0x3ffb4cc0 0x40085666:0x3ffb4de0 0x400d324a:0x3ffb4e20 0x400d3291:0x3ffb4e40 0x400d3201:0x3ffb4e60 0x40085939:0x3ffb4e80




ELF file SHA256: c4a3b02c3

Rebooting...
ets Jul 29 2019 12:21:46

rst:0xc (SW_CPU_RESET),boot:0x13 (SPI_FAST_FLASH_BOOT)
configsip: 0, SPIWP:0xee
clk_drv:0x00,q_drv:0x00,d_drv:0x00,cs0_drv:0x00,hd_drv:0x00,wp_drv:0x00
mode:DIO, clock div:2
load:0x3fff0030,len:6380
ho 0 tail 12 room 4
load:0x40078000,len:15916
load:0x40080400,len:3860
entry 0x40080638
[0;32mI (29) boot: ESP-IDF v5.5.1 2nd stage bootloader[0m
[0;32mI (29) boot: compile time Oct 26 2025 15:33:15[0m
[0;32mI (29) boot: Multicore bootloader[0m
[0;32mI (31) boot: chip revision: v3.1[0m
[0;32mI (33) boot.esp32: SPI Speed      : 40MHz[0m
[0;32mI (37) boot.esp32: SPI Mode       : DIO[0m
[0;32mI (41) boot.esp32: SPI Flash Size : 2MB[0m
[0;32mI (44) boot: Enabling RNG early entropy source...[0m
[0;32mI (49) boot: Partition Table:[0m
[0;32mI (51) boot: ## Label            Usage          Type ST Offset   Length[0m
[0;32mI (58) boot:  0 nvs              WiFi data        01 02 00009000 00006000[0m
[0;32mI (64) boot:  1 phy_init         RF data          01 01 0000f000 00001000[0m
[0;32mI (71) boot:  2 factory          factory app      00 00 00010000 00100000[0m
[0;32mI (77) boot: End of partition table[0m
[0;32mI (80) esp_image: segment 0: paddr=00010020 vaddr=3f400020 size=0774ch ( 30540) map[0m
[0;32mI (98) esp_image: segment 1: paddr=00017774 vaddr=3ffb0000 size=021e8h (  8680) load[0m
[0;32mI (102) esp_image: segment 2: paddr=00019964 vaddr=40080000 size=066b4h ( 26292) load[0m
[0;32mI (113) esp_image: segment 3: paddr=00020020 vaddr=400d0020 size=0fc8ch ( 64652) map[0m
[0;32mI (135) esp_image: segment 4: paddr=0002fcb4 vaddr=400866b4 size=06548h ( 25928) load[0m
[0;32mI (146) esp_image: segment 5: paddr=00036204 vaddr=50000000 size=00020h (    32) load[0m
[0;32mI (152) boot: Loaded app from partition at offset 0x10000[0m
[0;32mI (152) boot: Disabling RNG early entropy source...[0m
[0;32mI (164) cpu_start: Multicore app[0m
[0;32mI (172) cpu_start: Pro cpu start user code[0m
[0;32mI (172) cpu_start: cpu freq: 160000000 Hz[0m
[0;32mI (172) app_init: Application information:[0m
[0;32mI (172) app_init: Project name:     test_htn[0m
[0;32mI (176) app_init: App version:      2cb2986-dirty[0m
[0;32mI (181) app_init: Compile time:     Oct 31 2025 22:57:05[0m
[0;32mI (186) app_init: ELF file SHA256:  c4a3b02c3...[0m
[0;32mI (190) app_init: ESP-IDF:          v5.5.1[0m
[0;32mI (194) efuse_init: Min chip rev:     v0.0[0m
[0;32mI (198) efuse_init: Max chip rev:     v3.99 [0m
[0;32mI (202) efuse_init: Chip rev:         v3.1[0m
[0;32mI (206) heap_init: Initializing. RAM available for dynamic allocation:[0m
[0;32mI (212) heap_init: At 3FFAE6E0 len 00001920 (6 KiB): DRAM[0m
[0;32mI (217) heap_init: At 3FFB2A68 len 0002D598 (181 KiB): DRAM[0m
[0;32mI (222) heap_init: At 3FFE0440 len 00003AE0 (14 KiB): D/IRAM[0m
[0;32mI (228) heap_init: At 3FFE4350 len 0001BCB0 (111 KiB): D/IRAM[0m
[0;32mI (233) heap_init: At 4008CBFC len 00013404 (77 KiB): IRAM[0m
[0;33mW (239) spi_flash: Detected boya flash chip but using generic driver. For optimal functionality, enable `SPI_FLASH_SUPPORT_BOYA_CHIP` in menuconfig[0m
[0;32mI (251) spi_flash: detected chip: generic[0m
[0;32mI (255) spi_flash: flash io: dio[0m
[0;33mW (258) spi_flash: Detected size(4096k) larger than the size in the binary image header(2048k). Using the size in the binary image header.[0m
[0;33mW (270) i2c: This driver is an old driver, please migrate your application code to adapt `driver/i2c_master.h`[0m
[0;32mI (280) main_task: Started on CPU0[0m
[0;32mI (290) main_task: Calling app_main()[0m

assert failed: xQueueReceive queue.c:1531 (( pxQueue ))


Backtrace: 0x40084e7d:0x3ffb4c80 0x40084e45:0x3ffb4ca0 0x4008afb5:0x3ffb4cc0 0x40085666:0x3ffb4de0 0x400d324a:0x3ffb4e20 0x400d3291:0x3ffb4e40 0x400d3201:0x3ffb4e60 0x40085939:0x3ffb4e80




ELF file SHA256: c4a3b02c3

Rebooting...
ets Jul 29 2019 12:21:46

rst:0xc (SW_CPU_RESET),boot:0x13 (SPI_FAST_FLASH_BOOT)
configsip: 0, SPIWP:0xee
clk_drv:0x00,q_drv:0x00,d_drv:0x00,cs0_drv:0x00,hd_drv:0x00,wp_drv:0x00
mode:DIO, clock div:2
load:0x3fff0030,len:6380
ho 0 tail 12 room 4
load:0x40078000,len:15916
load:0x40080400,len:3860
entry 0x40080638
[0;32mI (29) boot: ESP-IDF v5.5.1 2nd stage bootloader[0m
[0;32mI (29) boot: compile time Oct 26 2025 15:33:15[0m
[0;32mI (29) boot: Multicore bootloader[0m
[0;32mI (31) boot: chip revision: v3.1[0m
[0;32mI (33) boot.esp32: SPI Speed      : 40MHz[0m
[0;32mI (37) boot.esp32: SPI Mode       : DIO[0m
[0;32mI (41) boot.esp32: SPI Flash Size : 2MB[0m
[0;32mI (44) boot: Enabling RNG early entropy source...[0m
[0;32mI (49) boot: Partition Table:[0m
[0;32mI (51) boot: ## Label            Usage          Type ST Offset   Length[0m
[0;32mI (58) boot:  0 nvs              WiFi data        01 02 00009000 00006000[0m
[0;32mI (64) boot:  1 phy_init         RF data          01 01 0000f000 00001000[0m
[0;32mI (71) boot:  2 factory          factory app      00 00 00010000 00100000[0m
[0;32mI (77) boot: End of partition table[0m
[0;32mI (80) esp_image: segment 0: paddr=00010020 vaddr=3f400020 size=0774ch ( 30540) map[0m
[0;32mI (98) esp_image: segment 1: paddr=00017774 vaddr=3ffb0000 size=021e8h (  8680) load[0m
[0;32mI (102) esp_image: segment 2: paddr=00019964 vaddr=40080000 size=066b4h ( 26292) load[0m
[0;32mI (113) esp_image: segment 3: paddr=00020020 vaddr=400d0020 size=0fc8ch ( 64652) map[0m
[0;32mI (135) esp_image: segment 4: paddr=0002fcb4 vaddr=400866b4 size=06548h ( 25928) load[0m
[0;32mI (146) esp_image: segment 5: paddr=00036204 vaddr=50000000 size=00020h (    32) load[0m
[0;32mI (152) boot: Loaded app from partition at offset 0x10000[0m
[0;32mI (152) boot: Disabling RNG early entropy source...[0m
[0;32mI (164) cpu_start: Multicore app[0m
[0;32mI (172) cpu_start: Pro cpu start user code[0m
[0;32mI (172) cpu_start: cpu freq: 160000000 Hz[0m
[0;32mI (172) app_init: Application information:[0m
[0;32mI (172) app_init: Project name:     test_htn[0m
[0;32mI (176) app_init: App version:      2cb2986-dirty[0m
[0;32mI (181) app_init: Compile time:     Oct 31 2025 22:57:05[0m
[0;32mI (186) app_init: ELF file SHA256:  c4a3b02c3...[0m
[0;32mI (190) app_init: ESP-IDF:          v5.5.1[0m
[0;32mI (194) efuse_init: Min chip rev:     v0.0[0m
[0;32mI (198) efuse_init: Max chip rev:     v3.99 [0m
[0;32mI (202) efuse_init: Chip rev:         v3.1[0m
[0;32mI (206) heap_init: Initializing. RAM available for dynamic allocation:[0m
[0;32mI (212) heap_init: At 3FFAE6E0 len 00001920 (6 KiB): DRAM[0m
[0;32mI (217) heap_init: At 3FFB2A68 len 0002D598 (181 KiB): DRAM[0m
[0;32mI (222) heap_init: At 3FFE0440 len 00003AE0 (14 KiB): D/IRAM[0m
[0;32mI (228) heap_init: At 3FFE4350 len 0001BCB0 (111 KiB): D/IRAM[0m
[0;32mI (233) heap_init: At 4008CBFC len 00013404 (77 KiB): IRAM[0m
[0;33mW (239) spi_flash: Detected boya flash chip but using generic driver. For optimal functionality, enable `SPI_FLASH_SUPPORT_BOYA_CHIP` in menuconfig[0m
[0;32mI (251) spi_flash: detected chip: generic[0m
[0;32mI (255) spi_flash: flash io: dio[0m
[0;33mW (258) spi_flash: Detected size(4096k) larger than the size in the binary image header(2048k). Using the size in the binary image header.[0m
[0;33mW (270) i2c: This driver is an old driver, please migrate your application code to adapt `driver/i2c_master.h`[0m
[0;32mI (280) main_task: Started on CPU0[0m
[0;32mI (290) main_task: Calling app_main()[0m

assert failed: xQueueReceive queue.c:1531 (( pxQueue ))


Backtrace: 0x40084e7d:0x3ffb4c80 0x40084e45:0x3ffb4ca0 0x4008afb5:0x3ffb4cc0 0x40085666:0x3ffb4de0 0x400d324a:0x3ffb4e20 0x400d3291:0x3ffb4e40 0x400d3201:0x3ffb4e60 0x40085939:0x3ffb4e80




ELF file SHA256: c4a3b02c3

Rebooting...
ets Jul 29 2019 12:21:46

rst:0xc (SW_CPU_RESET),boot:0x13 (SPI_FAST_FLASH_BOOT)
configsip: 0, SPIWP:0xee
clk_drv:0x00,q_drv:0x00,d_drv:0x00,cs0_drv:0x00,hd_drv:0x00,wp_drv:0x00
mode:DIO, clock div:2
load:0x3fff0030,len:6380
ho 0 tail 12 room 4
load:0x40078000,len:15916
load:0x40080400,len:3860
entry 0x40080638
[0;32mI (29) boot: ESP-IDF v5.5.1 2nd stage bootloader[0m
[0;32mI (29) boot: compile time Oct 26 2025 15:33:15[0m
[0;32mI (29) boot: Multicore bootloader[0m
[0;32mI (31) boot: chip revision: v3.1[0m
[0;32mI (33) boot.esp32: SPI Speed      : 40MHz[0m
[0;32mI (37) boot.esp32: SPI Mode       : DIO[0m
[0;32mI (41) boot.esp32: SPI Flash Size : 2MB[0m
[0;32mI (44) boot: Enabling RNG early entropy source...[0m
[0;32mI (49) boot: Partition Table:[0m
[0;32mI (51) boot: ## Label            Usage          Type ST Offset   Length[0m
[0;32mI (58) boot:  0 nvs              WiFi data        01 02 00009000 00006000[0m
[0;32mI (64) boot:  1 phy_init         RF data          01 01 0000f000 00001000[0m
[0;32mI (71) boot:  2 factory          factory app      00 00 00010000 00100000[0m
[0;32mI (77) boot: End of partition table[0m
[0;32mI (80) esp_image: segment 0: paddr=00010020 vaddr=3f400020 size=0774ch ( 30540) map[0m
[0;32mI (98) esp_image: segment 1: paddr=00017774 vaddr=3ffb0000 size=021e8h (  8680) load[0m
[0;32mI (102) esp_image: segment 2: paddr=00019964 vaddr=40080000 size=066b4h ( 26292) load[0m
[0;32mI (113) esp_image: segment 3: paddr=00020020 vaddr=400d0020 size=0fc8ch ( 64652) map[0m
[0;32mI (135) esp_image: segment 4: paddr=0002fcb4 vaddr=400866b4 size=06548h ( 25928) load[0m
[0;32mI (146) esp_image: segment 5: paddr=00036204 vaddr=50000000 size=00020h (    32) load[0m
[0;32mI (152) boot: Loaded app from partition at offset 0x10000[0m
[0;32mI (152) boot: Disabling RNG early entropy source...[0m
[0;32mI (164) cpu_start: Multicore app[0m
[0;32mI (172) cpu_start: Pro cpu start user code[0m
[0;32mI (172) cpu_start: cpu freq: 160000000 Hz[0m
[0;32mI (172) app_init: Application information:[0m
[0;32mI (172) app_init: Project name:     test_htn[0m
[0;32mI (176) app_init: App version:      2cb2986-dirty[0m
[0;32mI (181) app_init: Compile time:     Oct 31 2025 22:57:05[0m
[0;32mI (186) app_init: ELF file SHA256:  c4a3b02c3...[0m
[0;32mI (190) app_init: ESP-IDF:          v5.5.1[0m
[0;32mI (194) efuse_init: Min chip rev:     v0.0[0m
[0;32mI (198) efuse_init: Max chip rev:     v3.99 [0m
[0;32mI (202) efuse_init: Chip rev:         v3.1[0m
[0;32mI (206) heap_init: Initializing. RAM available for dynamic allocation:[0m
[0;32mI (212) heap_init: At 3FFAE6E0 len 00001920 (6 KiB): DRAM[0m
[0;32mI (217) heap_init: At 3FFB2A68 len 0002D598 (181 KiB): DRAM[0m
[0;32mI (222) heap_init: At 3FFE0440 len 00003AE0 (14 KiB): D/IRAM[0m
[0;32mI (228) heap_init: At 3FFE4350 len 0001BCB0 (111 KiB): D/IRAM[0m
[0;32mI (233) heap_init: At 4008CBFC len 00013404 (77 KiB): IRAM[0m
[0;33mW (239) spi_flash: Detected boya flash chip but using generic driver. For optimal functionality, enable `SPI_FLASH_SUPPORT_BOYA_CHIP` in menuconfig[0m
[0;32mI (251) spi_flash: detected chip: generic[0m
[0;32mI (255) spi_flash: flash io: dio[0m
[0;33mW (258) spi_flash: Detected size(4096k) larger than the size in the binary image header(2048k). Using the size in the binary image header.[0m
[0;33mW (270) i2c: This driver is an old driver, please migrate your application code to adapt `driver/i2c_master.h`[0m
[0;32mI (280) main_task: Started on CPU0[0m
[0;32mI (290) main_task: Calling app_main()[0m

assert failed: xQueueReceive queue.c:1531 (( pxQueue ))


Backtrace: 0x40084e7d:0x3ffb4c80 0x40084e45:0x3ffb4ca0 0x4008afb5:0x3ffb4cc0 0x40085666:0x3ffb4de0 0x400d324a:0x3ffb4e20 0x400d3291:0x3ffb4e40 0x400d3201:0x3ffb4e60 0x40085939:0x3ffb4e80




ELF file SHA256: c4a3b02c3

Rebooting...
ets Jul 29 2019 12:21:46

rst:0xc (SW_CPU_RESET),boot:0x13 (SPI_FAST_FLASH_BOOT)
configsip: 0, SPIWP:0xee
clk_drv:0x00,q_drv:0x00,d_drv:0x00,cs0_drv:0x00,hd_drv:0x00,wp_drv:0x00
mode:DIO, clock div:2
load:0x3fff0030,len:6380
ho 0 tail 12 room 4
load:0x40078000,len:15916
load:0x40080400,len:3860
entry 0x40080638
[0;32mI (29) boot: ESP-IDF v5.5.1 2nd stage bootloader[0m
[0;32mI (29) boot: compile time Oct 26 2025 15:33:15[0m
[0;32mI (29) boot: Multicore bootloader[0m
[0;32mI (31) boot: chip revision: v3.1[0m
[0;32mI (33) boot.esp32: SPI Speed      : 40MHz[0m
[0;32mI (37) boot.esp32: SPI Mode       : DIO[0m
[0;32mI (41) boot.esp32: SPI Flash Size : 2MB[0m
[0;32mI (44) boot: Enabling RNG early entropy source...[0m
[0;32mI (49) boot: Partition Table:[0m
[0;32mI (51) boot: ## Label            Usage          Type ST Offset   Length[0m
[0;32mI (58) boot:  0 nvs              WiFi data        01 02 00009000 00006000[0m
[0;32mI (64) boot:  1 phy_init         RF data          01 01 0000f000 00001000[0m
[0;32mI (71) boot:  2 factory          factory app      00 00 00010000 00100000[0m
[0;32mI (77) boot: End of partition table[0m
[0;32mI (80) esp_image: segment 0: paddr=00010020 vaddr=3f400020 size=0774ch ( 30540) map[0m
[0;32mI (98) esp_image: segment 1: paddr=00017774 vaddr=3ffb0000 size=021e8h (  8680) load[0m
[0;32mI (102) esp_image: segment 2: paddr=00019964 vaddr=40080000 size=066b4h ( 26292) load[0m
[0;32mI (113) esp_image: segment 3: paddr=00020020 vaddr=400d0020 size=0fc8ch ( 64652) map[0m
[0;32mI (135) esp_image: segment 4: paddr=0002fcb4 vaddr=400866b4 size=06548h ( 25928) load[0m
[0;32mI (146) esp_image: segment 5: paddr=00036204 vaddr=50000000 size=00020h (    32) load[0m
[0;32mI (152) boot: Loaded app from partition at offset 0x10000[0m
[0;32mI (152) boot: Disabling RNG early entropy source...[0m
[0;32mI (164) cpu_start: Multicore app[0m
[0;32mI (172) cpu_start: Pro cpu start user code[0m
[0;32mI (172) cpu_start: cpu freq: 160000000 Hz[0m
[0;32mI (172) app_init: Application information:[0m
[0;32mI (172) app_init: Project name:     test_htn[0m
[0;32mI (176) app_init: App version:      2cb2986-dirty[0m
[0;32mI (181) app_init: Compile time:     Oct 31 2025 22:57:05[0m
[0;32mI (186) app_init: ELF file SHA256:  c4a3b02c3...[0m
[0;32mI (190) app_init: ESP-IDF:          v5.5.1[0m
[0;32mI (194) efuse_init: Min chip rev:     v0.0[0m
[0;32mI (198) efuse_init: Max chip rev:     v3.99 [0m
[0;32mI (202) efuse_init: Chip rev:         v3.1[0m
[0;32mI (206) heap_init: Initializing. RAM available for dynamic allocation:[0m
[0;32mI (212) heap_init: At 3FFAE6E0 len 00001920 (6 KiB): DRAM[0m
[0;32mI (217) heap_init: At 3FFB2A68 len 0002D598 (181 KiB): DRAM[0m
[0;32mI (222) heap_init: At 3FFE0440 len 00003AE0 (14 KiB): D/IRAM[0m
[0;32mI (228) heap_init: At 3FFE4350 len 0001BCB0 (111 KiB): D/IRAM[0m
[0;32mI (233) heap_init: At 4008CBFC len 00013404 (77 KiB): IRAM[0m
[0;33mW (239) spi_flash: Detected boya flash chip but using generic driver. For optimal functionality, enable `SPI_FLASH_SUPPORT_BOYA_CHIP` in menuconfig[0m
[0;32mI (251) spi_flash: detected chip: generic[0m
[0;32mI (255) spi_flash: flash io: dio[0m
[0;33mW (258) spi_flash: Detected size(4096k) larger than the size in the binary image header(2048k). Using the size in the binary image header.[0m
[0;33mW (270) i2c: This driver is an old driver, please migrate your application code to adapt `driver/i2c_master.h`[0m
[0;32mI (280) main_task: Started on CPU0[0m
[0;32mI (290) main_task: Calling app_main()[0m

assert failed: xQueueReceive queue.c:1531 (( pxQueue ))


Backtrace: 0x40084e7d:0x3ffb4c80 0x40084e45:0x3ffb4ca0 0x4008afb5:0x3ffb4cc0 0x40085666:0x3ffb4de0 0x400d324a:0x3ffb4e20 0x400d3291:0x3ffb4e40 0x400d3201:0x3ffb4e60 0x40085939:0x3ffb4e80




ELF file SHA256: c4a3b02c3

Rebooting...
ets Jul 29 2019 12:21:46

rst:0xc (SW_CPU_RESET),boot:0x13 (SPI_FAST_FLASH_BOOT)
configsip: 0, SPIWP:0xee
clk_drv:0x00,q_drv:0x00,d_drv:0x00,cs0_drv:0x00,hd_drv:0x00,wp_drv:0x00
mode:DIO, clock div:2
load:0x3fff0030,len:6380
ho 0 tail 12 room 4
load:0x40078000,len:15916
load:0x40080400,len:3860
entry 0x40080638
[0;32mI (29) boot: ESP-IDF v5.5.1 2nd stage bootloader[0m
[0;32mI (29) boot: compile time Oct 26 2025 15:33:15[0m
[0;32mI (29) boot: Multicore bootloader[0m
[0;32mI (31) boot: chip revision: v3.1[0m
[0;32mI (33) boot.esp32: SPI Speed      : 40MHz[0m
[0;32mI (37) boot.esp32: SPI Mode       : DIO[0m
[0;32mI (41) boot.esp32: SPI Flash Size : 2MB[0m
[0;32mI (44) boot: Enabling RNG early entropy source...[0m
[0;32mI (49) boot: Partition Table:[0m
[0;32mI (51) boot: ## Label            Usage          Type ST Offset   Length[0m
[0;32mI (58) boot:  0 nvs              WiFi data        01 02 00009000 00006000[0m
[0;32mI (64) boot:  1 phy_init         RF data          01 01 0000f000 00001000[0m
[0;32mI (71) boot:  2 factory          factory app      00 00 00010000 00100000[0m
[0;32mI (77) boot: End of partition table[0m
[0;32mI (80) esp_image: segment 0: paddr=00010020 vaddr=3f400020 size=0774ch ( 30540) map[0m
[0;32mI (98) esp_image: segment 1: paddr=00017774 vaddr=3ffb0000 size=021e8h (  8680) load[0m
[0;32mI (102) esp_image: segment 2: paddr=00019964 vaddr=40080000 size=066b4h ( 26292) load[0m
[0;32mI (113) esp_image: segment 3: paddr=00020020 vaddr=400d0020 size=0fc8ch ( 64652) map[0m
[0;32mI (135) esp_image: segment 4: paddr=0002fcb4 vaddr=400866b4 size=06548h ( 25928) load[0m
[0;32mI (146) esp_image: segment 5: paddr=00036204 vaddr=50000000 size=00020h (    32) load[0m
[0;32mI (152) boot: Loaded app from partition at offset 0x10000[0m
[0;32mI (152) boot: Disabling RNG early entropy source...[0m
[0;32mI (164) cpu_start: Multicore app[0m
[0;32mI (172) cpu_start: Pro cpu start user code[0m
[0;32mI (172) cpu_start: cpu freq: 160000000 Hz[0m
[0;32mI (172) app_init: Application information:[0m
[0;32mI (172) app_init: Project name:     test_htn[0m
[0;32mI (176) app_init: App version:      2cb2986-dirty[0m
[0;32mI (181) app_init: Compile time:     Oct 31 2025 22:57:05[0m
[0;32mI (186) app_init: ELF file SHA256:  c4a3b02c3...[0m
[0;32mI (190) app_init: ESP-IDF:          v5.5.1[0m
[0;32mI (194) efuse_init: Min chip rev:     v0.0[0m
[0;32mI (198) efuse_init: Max chip rev:     v3.99 [0m
[0;32mI (202) efuse_init: Chip rev:         v3.1[0m
[0;32mI (206) heap_init: Initializing. RAM available for dynamic allocation:[0m
[0;32mI (212) heap_init: At 3FFAE6E0 len 00001920 (6 KiB): DRAM[0m
[0;32mI (217) heap_init: At 3FFB2A68 len 0002D598 (181 KiB): DRAM[0m
[0;32mI (222) heap_init: At 3FFE0440 len 00003AE0 (14 KiB): D/IRAM[0m
[0;32mI (228) heap_init: At 3FFE4350 len 0001BCB0 (111 KiB): D/IRAM[0m
[0;32mI (233) heap_init: At 4008CBFC len 00013404 (77 KiB): IRAM[0m
[0;33mW (239) spi_flash: Detected boya flash chip but using generic driver. For optimal functionality, enable `SPI_FLASH_SUPPORT_BOYA_CHIP` in menuconfig[0m
[0;32mI (251) spi_flash: detected chip: generic[0m
[0;32mI (255) spi_flash: flash io: dio[0m
[0;33mW (258) spi_flash: Detected size(4096k) larger than the size in the binary image header(2048k). Using the size in the binary image header.[0m
[0;33mW (270) i2c: This driver is an old driver, please migrate your application code to adapt `driver/i2c_master.h`[0m
[0;32mI (280) main_task: Started on CPU0[0m
[0;32mI (290) main_task: Calling app_main()[0m

assert failed: xQueueReceive queue.c:1531 (( pxQueue ))


Backtrace: 0x40084e7d:0x3ffb4c80 0x40084e45:0x3ffb4ca0 0x4008afb5:0x3ffb4cc0 0x40085666:0x3ffb4de0 0x400d324a:0x3ffb4e20 0x400d3291:0x3ffb4e40 0x400d3201:0x3ffb4e60 0x40085939:0x3ffb4e80




ELF file SHA256: c4a3b02c3

Rebooting...
ets Jul 29 2019 12:21:46

rst:0xc (SW_CPU_RESET),boot:0x13 (SPI_FAST_FLASH_BOOT)
configsip: 0, SPIWP:0xee
clk_drv:0x00,q_drv:0x00,d_drv:0x00,cs0_drv:0x00,hd_drv:0x00,wp_drv:0x00
mode:DIO, clock div:2
load:0x3fff0030,len:6380
ho 0 tail 12 room 4
load:0x40078000,len:15916
load:0x40080400,len:3860
entry 0x40080638
[0;32mI (29) boot: ESP-IDF v5.5.1 2nd stage bootloader[0m
[0;32mI (29) boot: compile time Oct 26 2025 15:33:15[0m
[0;32mI (29) boot: Multicore bootloader[0m
[0;32mI (31) boot: chip revision: v3.1[0m
[0;32mI (33) boot.esp32: SPI Speed      : 40MHz[0m
[0;32mI (37) boot.esp32: SPI Mode       : DIO[0m
[0;32mI (41) boot.esp32: SPI Flash Size : 2MB[0m
[0;32mI (44) boot: Enabling RNG early entropy source...[0m
[0;32mI (49) boot: Partition Table:[0m
[0;32mI (51) boot: ## Label            Usage          Type ST Offset   Length[0m
[0;32mI (58) boot:  0 nvs              WiFi data        01 02 00009000 00006000[0m
[0;32mI (64) boot:  1 phy_init         RF data          01 01 0000f000 00001000[0m
[0;32mI (71) boot:  2 factory          factory app      00 00 00010000 00100000[0m
[0;32mI (77) boot: End of partition table[0m
[0;32mI (80) esp_image: segment 0: paddr=00010020 vaddr=3f400020 size=0774ch ( 30540) map[0m
[0;32mI (98) esp_image: segment 1: paddr=00017774 vaddr=3ffb0000 size=021e8h (  8680) load[0m
[0;32mI (102) esp_image: segment 2: paddr=00019964 vaddr=40080000 size=066b4h ( 26292) load[0m
[0;32mI (113) esp_image: segment 3: paddr=00020020 vaddr=400d0020 size=0fc8ch ( 64652) map[0m
[0;32mI (135) esp_image: segment 4: paddr=0002fcb4 vaddr=400866b4 size=06548h ( 25928) load[0m
[0;32mI (146) esp_image: segment 5: paddr=00036204 vaddr=50000000 size=00020h (    32) load[0m
[0;32mI (152) boot: Loaded app from partition at offset 0x10000[0m
[0;32mI (152) boot: Disabling RNG early entropy source...[0m
[0;32mI (164) cpu_start: Multicore app[0m
[0;32mI (172) cpu_start: Pro cpu start user code[0m
[0;32mI (172) cpu_start: cpu freq: 160000000 Hz[0m
[0;32mI (172) app_init: Application information:[0m
[0;32mI (172) app_init: Project name:     test_htn[0m
[0;32mI (176) app_init: App version:      2cb2986-dirty[0m
[0;32mI (181) app_init: Compile time:     Oct 31 2025 22:57:05[0m
[0;32mI (186) app_init: ELF file SHA256:  c4a3b02c3...[0m
[0;32mI (190) app_init: ESP-IDF:          v5.5.1[0m
[0;32mI (194) efuse_init: Min chip rev:     v0.0[0m
[0;32mI (198) efuse_init: Max chip rev:     v3.99 [0m
[0;32mI (202) efuse_init: Chip rev:         v3.1[0m
[0;32mI (206) heap_init: Initializing. RAM available for dynamic allocation:[0m
[0;32mI (212) heap_init: At 3FFAE6E0 len 00001920 (6 KiB): DRAM[0m
[0;32mI (217) heap_init: At 3FFB2A68 len 0002D598 (181 KiB): DRAM[0m
[0;32mI (222) heap_init: At 3FFE0440 len 00003AE0 (14 KiB): D/IRAM[0m
[0;32mI (228) heap_init: At 3FFE4350 len 0001BCB0 (111 KiB): D/IRAM[0m
[0;32mI (233) heap_init: At 4008CBFC len 00013404 (77 KiB): IRAM[0m
[0;33mW (239) spi_flash: Detected boya flash chip but using generic driver. For optimal functionality, enable `SPI_FLASH_SUPPORT_BOYA_CHIP` in menuconfig[0m
[0;32mI (251) spi_flash: detected chip: generic[0m
[0;32mI (255) spi_flash: flash io: dio[0m
[0;33mW (258) spi_flash: Detected size(4096k) larger than the size in the binary image header(2048k). Using the size in the binary image header.[0m
[0;33mW (270) i2c: This driver is an old driver, please migrate your application code to adapt `driver/i2c_master.h`[0m
[0;32mI (280) main_task: Started on CPU0[0m
[0;32mI (290) main_task: Calling app_main()[0m

assert failed: xQueueReceive queue.c:1531 (( pxQueue ))


Backtrace: 0x40084e7d:0x3ffb4c80 0x40084e45:0x3ffb4ca0 0x4008afb5:0x3ffb4cc0 0x40085666:0x3ffb4de0 0x400d324a:0x3ffb4e20 0x400d3291:0x3ffb4e40 0x400d3201:0x3ffb4e60 0x40085939:0x3ffb4e80




ELF file SHA256: c4a3b02c3

Rebooting...
ets Jul 29 2019 12:21:46

rst:0xc (SW_CPU_RESET),boot:0x13 (SPI_FAST_FLASH_BOOT)
configsip: 0, SPIWP:0xee
clk_drv:0x00,q_drv:0x00,d_drv:0x00,cs0_drv:0x00,hd_drv:0x00,wp_drv:0x00
mode:DIO, clock div:2
load:0x3fff0030,len:6380
ho 0 tail 12 room 4
load:0x40078000,len:15916
load:0x40080400,len:3860
entry 0x40080638
[0;32mI (29) boot: ESP-IDF v5.5.1 2nd stage bootloader[0m
[0;32mI (29) boot: compile time Oct 26 2025 15:33:15[0m
[0;32mI (29) boot: Multicore bootloader[0m
[0;32mI (31) boot: chip revision: v3.1[0m
[0;32mI (33) boot.esp32: SPI Speed      : 40MHz[0m
[0;32mI (37) boot.esp32: SPI Mode       : DIO[0m
[0;32mI (41) boot.esp32: SPI Flash Size : 2MB[0m
[0;32mI (44) boot: Enabling RNG early entropy source...[0m
[0;32mI (49) boot: Partition Table:[0m
[0;32mI (51) boot: ## Label            Usage          Type ST Offset   Length[0m
[0;32mI (58) boot:  0 nvs              WiFi data        01 02 00009000 00006000[0m
[0;32mI (64) boot:  1 phy_init         RF data          01 01 0000f000 00001000[0m
[0;32mI (71) boot:  2 factory          factory app      00 00 00010000 00100000[0m
[0;32mI (77) boot: End of partition table[0m
[0;32mI (80) esp_image: segment 0: paddr=00010020 vaddr=3f400020 size=0774ch ( 30540) map[0m
[0;32mI (98) esp_image: segment 1: paddr=00017774 vaddr=3ffb0000 size=021e8h (  8680) load[0m
[0;32mI (102) esp_image: segment 2: paddr=00019964 vaddr=40080000 size=066b4h ( 26292) load[0m
[0;32mI (113) esp_image: segment 3: paddr=00020020 vaddr=400d0020 size=0fc8ch ( 64652) map[0m
[0;32mI (135) esp_image: segment 4: paddr=0002fcb4 vaddr=400866b4 size=06548h ( 25928) load[0m
[0;32mI (146) esp_image: segment 5: paddr=00036204 vaddr=50000000 size=00020h (    32) load[0m
[0;32mI (152) boot: Loaded app from partition at offset 0x10000[0m
[0;32mI (152) boot: Disabling RNG early entropy source...[0m
[0;32mI (164) cpu_start: Multicore app[0m
[0;32mI (172) cpu_start: Pro cpu start user code[0m
[0;32mI (172) cpu_start: cpu freq: 160000000 Hz[0m
[0;32mI (172) app_init: Application information:[0m
[0;32mI (172) app_init: Project name:     test_htn[0m
[0;32mI (176) app_init: App version:      2cb2986-dirty[0m
[0;32mI (181) app_init: Compile time:     Oct 31 2025 22:57:05[0m
[0;32mI (186) app_init: ELF file SHA256:  c4a3b02c3...[0m
[0;32mI (190) app_init: ESP-IDF:          v5.5.1[0m
[0;32mI (194) efuse_init: Min chip rev:     v0.0[0m
[0;32mI (198) efuse_init: Max chip rev:     v3.99 [0m
[0;32mI (202) efuse_init: Chip rev:         v3.1[0m
[0;32mI (206) heap_init: Initializing. RAM available for dynamic allocation:[0m
[0;32mI (212) heap_init: At 3FFAE6E0 len 00001920 (6 KiB): DRAM[0m
[0;32mI (217) heap_init: At 3FFB2A68 len 0002D598 (181 KiB): DRAM[0m
[0;32mI (222) heap_init: At 3FFE0440 len 00003AE0 (14 KiB): D/IRAM[0m
[0;32mI (228) heap_init: At 3FFE4350 len 0001BCB0 (111 KiB): D/IRAM[0m
[0;32mI (233) heap_init: At 4008CBFC len 00013404 (77 KiB): IRAM[0m
[0;33mW (239) spi_flash: Detected boya flash chip but using generic driver. For optimal functionality, enable `SPI_FLASH_SUPPORT_BOYA_CHIP` in menuconfig[0m
[0;32mI (251) spi_flash: detected chip: generic[0m
[0;32mI (255) spi_flash: flash io: dio[0m
[0;33mW (258) spi_flash: Detected size(4096k) larger than the size in the binary image header(2048k). Using the size in the binary image header.[0m
[0;33mW (270) i2c: This driver is an old driver, please migrate your application code to adapt `driver/i2c_master.h`[0m
[0;32mI (280) main_task: Started on CPU0[0m
[0;32mI (290) main_task: Calling app_main()[0m

assert failed: xQueueReceive queue.c:1531 (( pxQueue ))


Backtrace: 0x40084e7d:0x3ffb4c80 0x40084e45:0x3ffb4ca0 0x4008afb5:0x3ffb4cc0 0x40085666:0x3ffb4de0 0x400d324a:0x3ffb4e20 0x400d3291:0x3ffb4e40 0x400d3201:0x3ffb4e60 0x40085939:0x3ffb4e80




ELF file SHA256: c4a3b02c3

Rebooting...
ets Jul 29 2019 12:21:46

rst:0xc (SW_CPU_RESET),boot:0x13 (SPI_FAST_FLASH_BOOT)
configsip: 0, SPIWP:0xee
clk_drv:0x00,q_drv:0x00,d_drv:0x00,cs0_drv:0x00,hd_drv:0x00,wp_drv:0x00
mode:DIO, clock div:2
load:0x3fff0030,len:6380
ho 0 tail 12 room 4
load:0x40078000,len:15916
load:0x40080400,len:3860
entry 0x40080638
[0;32mI (29) boot: ESP-IDF v5.5.1 2nd stage bootloader[0m
[0;32mI (29) boot: compile time Oct 26 2025 15:33:15[0m
[0;32mI (29) boot: Multicore bootloader[0m
[0;32mI (31) boot: chip revision: v3.1[0m
[0;32mI (33) boot.esp32: SPI Speed      : 40MHz[0m
[0;32mI (37) boot.esp32: SPI Mode       : DIO[0m
[0;32mI (41) boot.esp32: SPI Flash Size : 2MB[0m
[0;32mI (44) boot: Enabling RNG early entropy source...[0m
[0;32mI (49) boot: Partition Table:[0m
[0;32mI (51) boot: ## Label            Usage          Type ST Offset   Length[0m
[0;32mI (58) boot:  0 nvs              WiFi data        01 02 00009000 00006000[0m
[0;32mI (64) boot:  1 phy_init         RF data          01 01 0000f000 00001000[0m
[0;32mI (71) boot:  2 factory          factory app      00 00 00010000 00100000[0m
[0;32mI (77) boot: End of partition table[0m
[0;32mI (80) esp_image: segment 0: paddr=00010020 vaddr=3f400020 size=0774ch ( 30540) map[0m
[0;32mI (98) esp_image: segment 1: paddr=00017774 vaddr=3ffb0000 size=021e8h (  8680) load[0m
[0;32mI (102) esp_image: segment 2: paddr=00019964 vaddr=40080000 size=066b4h ( 26292) load[0m
[0;32mI (113) esp_image: segment 3: paddr=00020020 vaddr=400d0020 size=0fc8ch ( 64652) map[0m
[0;32mI (135) esp_image: segment 4: paddr=0002fcb4 vaddr=400866b4 size=06548h ( 25928) load[0m
[0;32mI (146) esp_image: segment 5: paddr=00036204 vaddr=50000000 size=00020h (    32) load[0m
[0;32mI (152) boot: Loaded app from partition at offset 0x10000[0m
[0;32mI (152) boot: Disabling RNG early entropy source...[0m
[0;32mI (164) cpu_start: Multicore app[0m
[0;32mI (172) cpu_start: Pro cpu start user code[0m
[0;32mI (172) cpu_start: cpu freq: 160000000 Hz[0m
[0;32mI (172) app_init: Application information:[0m
[0;32mI (172) app_init: Project name:     test_htn[0m
[0;32mI (176) app_init: App version:      2cb2986-dirty[0m
[0;32mI (181) app_init: Compile time:     Oct 31 2025 22:57:05[0m
[0;32mI (186) app_init: ELF file SHA256:  c4a3b02c3...[0m
[0;32mI (190) app_init: ESP-IDF:          v5.5.1[0m
[0;32mI (194) efuse_init: Min chip rev:     v0.0[0m
[0;32mI (198) efuse_init: Max chip rev:     v3.99 [0m
[0;32mI (202) efuse_init: Chip rev:         v3.1[0m
[0;32mI (206) heap_init: Initializing. RAM available for dynamic allocation:[0m
[0;32mI (212) heap_init: At 3FFAE6E0 len 00001920 (6 KiB): DRAM[0m
[0;32mI (217) heap_init: At 3FFB2A68 len 0002D598 (181 KiB): DRAM[0m
[0;32mI (222) heap_init: At 3FFE0440 len 00003AE0 (14 KiB): D/IRAM[0m
[0;32mI (228) heap_init: At 3FFE4350 len 0001BCB0 (111 KiB): D/IRAM[0m
[0;32mI (233) heap_init: At 4008CBFC len 00013404 (77 KiB): IRAM[0m
[0;33mW (239) spi_flash: Detected boya flash chip but using generic driver. For optimal functionality, enable `SPI_FLASH_SUPPORT_BOYA_CHIP` in menuconfig[0m
[0;32mI (251) spi_flash: detected chip: generic[0m
[0;32mI (255) spi_flash: flash io: dio[0m
[0;33mW (258) spi_flash: Detected size(4096k) larger than the size in the binary image header(2048k). Using the size in the binary image header.[0m
[0;33mW (270) i2c: This driver is an old driver, please migrate your application code to adapt `driver/i2c_master.h`[0m
[0;32mI (280) main_task: Started on CPU0[0m
[0;32mI (290) main_task: Calling app_main()[0m

assert failed: xQueueReceive queue.c:1531 (( pxQueue ))


Backtrace: 0x40084e7d:0x3ffb4c80 0x40084e45:0x3ffb4ca0 0x4008afb5:0x3ffb4cc0 0x40085666:0x3ffb4de0 0x400d324a:0x3ffb4e20 0x400d3291:0x3ffb4e40 0x400d3201:0x3ffb4e60 0x40085939:0x3ffb4e80




ELF file SHA256: c4a3b02c3

Rebooting...
ets Jul 29 2019 12:21:46

rst:0xc (SW_CPU_RESET),boot:0x13 (SPI_FAST_FLASH_BOOT)
configsip: 0, SPIWP:0xee
clk_drv:0x00,q_drv:0x00,d_drv:0x00,cs0_drv:0x00,hd_drv:0x00,wp_drv:0x00
mode:DIO, clock div:2
load:0x3fff0030,len:6380
ho 0 tail 12 room 4
load:0x40078000,len:15916
load:0x40080400,len:3860
entry 0x40080638
[0;32mI (29) boot: ESP-IDF v5.5.1 2nd stage bootloader[0m
[0;32mI (29) boot: compile time Oct 26 2025 15:33:15[0m
[0;32mI (29) boot: Multicore bootloader[0m
[0;32mI (31) boot: chip revision: v3.1[0m
[0;32mI (33) boot.esp32: SPI Speed      : 40MHz[0m
[0;32mI (37) boot.esp32: SPI Mode       : DIO[0m
[0;32mI (41) boot.esp32: SPI Flash Size : 2MB[0m
[0;32mI (44) boot: Enabling RNG early entropy source...[0m
[0;32mI (49) boot: Partition Table:[0m
[0;32mI (51) boot: ## Label            Usage          Type ST Offset   Length[0m
[0;32mI (58) boot:  0 nvs              WiFi data        01 02 00009000 00006000[0m
[0;32mI (64) boot:  1 phy_init         RF data          01 01 0000f000 00001000[0m
[0;32mI (71) boot:  2 factory          factory app      00 00 00010000 00100000[0m
[0;32mI (77) boot: End of partition table[0m
[0;32mI (80) esp_image: segment 0: paddr=00010020 vaddr=3f400020 size=0774ch ( 30540) map[0m
[0;32mI (98) esp_image: segment 1: paddr=00017774 vaddr=3ffb0000 size=021e8h (  8680) load[0m
[0;32mI (102) esp_image: segment 2: paddr=00019964 vaddr=40080000 size=066b4h ( 26292) load[0m
[0;32mI (113) esp_image: segment 3: paddr=00020020 vaddr=400d0020 size=0fc8ch ( 64652) map[0m
[0;32mI (135) esp_image: segment 4: paddr=0002fcb4 vaddr=400866b4 size=06548h ( 25928) load[0m
[0;32mI (146) esp_image: segment 5: paddr=00036204 vaddr=50000000 size=00020h (    32) load[0m
[0;32mI (152) boot: Loaded app from partition at offset 0x10000[0m
[0;32mI (152) boot: Disabling RNG early entropy source...[0m
[0;32mI (164) cpu_start: Multicore app[0m
[0;32mI (172) cpu_start: Pro cpu start user code[0m
[0;32mI (172) cpu_start: cpu freq: 160000000 Hz[0m
[0;32mI (172) app_init: Application information:[0m
[0;32mI (172) app_init: Project name:     test_htn[0m
[0;32mI (176) app_init: App version:      2cb2986-dirty[0m
[0;32mI (181) app_init: Compile time:     Oct 31 2025 22:57:05[0m
[0;32mI (186) app_init: ELF file SHA256:  c4a3b02c3...[0m
[0;32mI (190) app_init: ESP-IDF:          v5.5.1[0m
[0;32mI (194) efuse_init: Min chip rev:     v0.0[0m
[0;32mI (198) efuse_init: Max chip rev:     v3.99 [0m
[0;32mI (202) efuse_init: Chip rev:         v3.1[0m
[0;32mI (206) heap_init: Initializing. RAM available for dynamic allocation:[0m
[0;32mI (212) heap_init: At 3FFAE6E0 len 00001920 (6 KiB): DRAM[0m
[0;32mI (217) heap_init: At 3FFB2A68 len 0002D598 (181 KiB): DRAM[0m
[0;32mI (222) heap_init: At 3FFE0440 len 00003AE0 (14 KiB): D/IRAM[0m
[0;32mI (228) heap_init: At 3FFE4350 len 0001BCB0 (111 KiB): D/IRAM[0m
[0;32mI (233) heap_init: At 4008CBFC len 00013404 (77 KiB): IRAM[0m
[0;33mW (239) spi_flash: Detected boya flash chip but using generic driver. For optimal functionality, enable `SPI_FLASH_SUPPORT_BOYA_CHIP` in menuconfig[0m
[0;32mI (251) spi_flash: detected chip: generic[0m
[0;32mI (255) spi_flash: flash io: dio[0m
[0;33mW (258) spi_flash: Detected size(4096k) larger than the size in the binary image header(2048k). Using the size in the binary image header.[0m
[0;33mW (270) i2c: This driver is an old driver, please migrate your application code to adapt `driver/i2c_master.h`[0m
[0;32mI (280) main_task: Started on CPU0[0m
[0;32mI (290) main_task: Calling app_main()[0m

assert failed: xQueueReceive queue.c:1531 (( pxQueue ))


Backtrace: 0x40084e7d:0x3ffb4c80 0x40084e45:0x3ffb4ca0 0x4008afb5:0x3ffb4cc0 0x40085666:0x3ffb4de0 0x400d324a:0x3ffb4e20 0x400d3291:0x3ffb4e40 0x400d3201:0x3ffb4e60 0x40085939:0x3ffb4e80




ELF file SHA256: c4a3b02c3

Rebooting...
ets Jul 29 2019 12:21:46

rst:0xc (SW_CPU_RESET),boot:0x13 (SPI_FAST_FLASH_BOOT)
configsip: 0, SPIWP:0xee
clk_drv:0x00,q_drv:0x00,d_drv:0x00,cs0_drv:0x00,hd_drv:0x00,wp_drv:0x00
mode:DIO, clock div:2
load:0x3fff0030,len:6380
ho 0 tail 12 room 4
load:0x40078000,len:15916
load:0x40080400,len:3860
entry 0x40080638
[0;32mI (29) boot: ESP-IDF v5.5.1 2nd stage bootloader[0m
[0;32mI (29) boot: compile time Oct 26 2025 15:33:15[0m
[0;32mI (29) boot: Multicore bootloader[0m
[0;32mI (31) boot: chip revision: v3.1[0m
[0;32mI (33) boot.esp32: SPI Speed      : 40MHz[0m
[0;32mI (37) boot.esp32: SPI Mode       : DIO[0m
[0;32mI (41) boot.esp32: SPI Flash Size : 2MB[0m
[0;32mI (44) boot: Enabling RNG early entropy source...[0m
[0;32mI (49) boot: Partition Table:[0m
[0;32mI (51) boot: ## Label            Usage          Type ST Offset   Length[0m
[0;32mI (58) boot:  0 nvs              WiFi data        01 02 00009000 00006000[0m
[0;32mI (64) boot:  1 phy_init         RF data          01 01 0000f000 00001000[0m
[0;32mI (71) boot:  2 factory          factory app      00 00 00010000 00100000[0m
[0;32mI (77) boot: End of partition table[0m
[0;32mI (80) esp_image: segment 0: paddr=00010020 vaddr=3f400020 size=0774ch ( 30540) map[0m
[0;32mI (98) esp_image: segment 1: paddr=00017774 vaddr=3ffb0000 size=021e8h (  8680) load[0m
[0;32mI (102) esp_image: segment 2: paddr=00019964 vaddr=40080000 size=066b4h ( 26292) load[0m
[0;32mI (113) esp_image: segment 3: paddr=00020020 vaddr=400d0020 size=0fc8ch ( 64652) map[0m
[0;32mI (135) esp_image: segment 4: paddr=0002fcb4 vaddr=400866b4 size=06548h ( 25928) load[0m
[0;32mI (146) esp_image: segment 5: paddr=00036204 vaddr=50000000 size=00020h (    32) load[0m
[0;32mI (152) boot: Loaded app from partition at offset 0x10000[0m
[0;32mI (152) boot: Disabling RNG early entropy source...[0m
[0;32mI (164) cpu_start: Multicore app[0m
[0;32mI (172) cpu_start: Pro cpu start user code[0m
[0;32mI (172) cpu_start: cpu freq: 160000000 Hz[0m
[0;32mI (172) app_init: Application information:[0m
[0;32mI (172) app_init: Project name:     test_htn[0m
[0;32mI (176) app_init: App version:      2cb2986-dirty[0m
[0;32mI (181) app_init: Compile time:     Oct 31 2025 22:57:05[0m
[0;32mI (186) app_init: ELF file SHA256:  c4a3b02c3...[0m
[0;32mI (190) app_init: ESP-IDF:          v5.5.1[0m
[0;32mI (194) efuse_init: Min chip rev:     v0.0[0m
[0;32mI (198) efuse_init: Max chip rev:     v3.99 [0m
[0;32mI (202) efuse_init: Chip rev:         v3.1[0m
[0;32mI (206) heap_init: Initializing. RAM available for dynamic allocation:[0m
[0;32mI (212) heap_init: At 3FFAE6E0 len 00001920 (6 KiB): DRAM[0m
[0;32mI (217) heap_init: At 3FFB2A68 len 0002D598 (181 KiB): DRAM[0m
[0;32mI (222) heap_init: At 3FFE0440 len 00003AE0 (14 KiB): D/IRAM[0m
[0;32mI (228) heap_init: At 3FFE4350 len 0001BCB0 (111 KiB): D/IRAM[0m
[0;32mI (233) heap_init: At 4008CBFC len 00013404 (77 KiB): IRAM[0m
[0;33mW (239) spi_flash: Detected boya flash chip but using generic driver. For optimal functionality, enable `SPI_FLASH_SUPPORT_BOYA_CHIP` in menuconfig[0m
[0;32mI (251) spi_flash: detected chip: generic[0m
[0;32mI (255) spi_flash: flash io: dio[0m
[0;33mW (258) spi_flash: Detected size(4096k) larger than the size in the binary image header(2048k). Using the size in the binary image header.[0m
[0;33mW (270) i2c: This driver is an old driver, please migrate your application code to adapt `driver/i2c_master.h`[0m
[0;32mI (280) main_task: Started on CPU0[0m
[0;32mI (290) main_task: Calling app_main()[0m

assert failed: xQueueReceive queue.c:1531 (( pxQueue ))


Backtrace: 0x40084e7d:0x3ffb4c80 0x40084e45:0x3ffb4ca0 0x4008afb5:0x3ffb4cc0 0x40085666:0x3ffb4de0 0x400d324a:0x3ffb4e20 0x400d3291:0x3ffb4e40 0x400d3201:0x3ffb4e60 0x40085939:0x3ffb4e80




ELF file SHA256: c4a3b02c3

Rebooting...
ets Jul 29 2019 12:21:46

rst:0xc (SW_CPU_RESET),boot:0x13 (SPI_FAST_FLASH_BOOT)
configsip: 0, SPIWP:0xee
clk_drv:0x00,q_drv:0x00,d_drv:0x00,cs0_drv:0x00,hd_drv:0x00,wp_drv:0x00
mode:DIO, clock div:2
load:0x3fff0030,len:6380
ho 0 tail 12 room 4
load:0x40078000,len:15916
load:0x40080400,len:3860
entry 0x40080638
[0;32mI (29) boot: ESP-IDF v5.5.1 2nd stage bootloader[0m
[0;32mI (29) boot: compile time Oct 26 2025 15:33:15[0m
[0;32mI (29) boot: Multicore bootloader[0m
[0;32mI (31) boot: chip revision: v3.1[0m
[0;32mI (33) boot.esp32: SPI Speed      : 40MHz[0m
[0;32mI (37) boot.esp32: SPI Mode       : DIO[0m
[0;32mI (41) boot.esp32: SPI Flash Size : 2MB[0m
[0;32mI (44) boot: Enabling RNG early entropy source...[0m
[0;32mI (49) boot: Partition Table:[0m
[0;32mI (51) boot: ## Label            Usage          Type ST Offset   Length[0m
[0;32mI (58) boot:  0 nvs              WiFi data        01 02 00009000 00006000[0m
[0;32mI (64) boot:  1 phy_init         RF data          01 01 0000f000 00001000[0m
[0;32mI (71) boot:  2 factory          factory app      00 00 00010000 00100000[0m
[0;32mI (77) boot: End of partition table[0m
[0;32mI (80) esp_image: segment 0: paddr=00010020 vaddr=3f400020 size=0774ch ( 30540) map[0m
[0;32mI (98) esp_image: segment 1: paddr=00017774 vaddr=3ffb0000 size=021e8h (  8680) load[0m
[0;32mI (102) esp_image: segment 2: paddr=00019964 vaddr=40080000 size=066b4h ( 26292) load[0m
[0;32mI (113) esp_image: segment 3: paddr=00020020 vaddr=400d0020 size=0fc8ch ( 64652) map[0m
[0;32mI (135) esp_image: segment 4: paddr=0002fcb4 vaddr=400866b4 size=06548h ( 25928) load[0m
[0;32mI (146) esp_image: segment 5: paddr=00036204 vaddr=50000000 size=00020h (    32) load[0m
[0;32mI (152) boot: Loaded app from partition at offset 0x10000[0m
[0;32mI (152) boot: Disabling RNG early entropy source...[0m
[0;32mI (164) cpu_start: Multicore app[0m
[0;32mI (172) cpu_start: Pro cpu start user code[0m
[0;32mI (172) cpu_start: cpu freq: 160000000 Hz[0m
[0;32mI (172) app_init: Application information:[0m
[0;32mI (172) app_init: Project name:     test_htn[0m
[0;32mI (176) app_init: App version:      2cb2986-dirty[0m
[0;32mI (181) app_init: Compile time:     Oct 31 2025 22:57:05[0m
[0;32mI (186) app_init: ELF file SHA256:  c4a3b02c3...[0m
[0;32mI (190) app_init: ESP-IDF:          v5.5.1[0m
[0;32mI (194) efuse_init: Min chip rev:     v0.0[0m
[0;32mI (198) efuse_init: Max chip rev:     v3.99 [0m
[0;32mI (202) efuse_init: Chip rev:         v3.1[0m
[0;32mI (206) heap_init: Initializing. RAM available for dynamic allocation:[0m
[0;32mI (212) heap_init: At 3FFAE6E0 len 00001920 (6 KiB): DRAM[0m
[0;32mI (217) heap_init: At 3FFB2A68 len 0002D598 (181 KiB): DRAM[0m
[0;32mI (222) heap_init: At 3FFE0440 len 00003AE0 (14 KiB): D/IRAM[0m
[0;32mI (228) heap_init: At 3FFE4350 len 0001BCB0 (111 KiB): D/IRAM[0m
[0;32mI (233) heap_init: At 4008CBFC len 00013404 (77 KiB): IRAM[0m
[0;33mW (239) spi_flash: Detected boya flash chip but using generic driver. For optimal functionality, enable `SPI_FLASH_SUPPORT_BOYA_CHIP` in menuconfig[0m
[0;32mI (251) spi_flash: detected chip: generic[0m
[0;32mI (255) spi_flash: flash io: dio[0m
[0;33mW (258) spi_flash: Detected size(4096k) larger than the size in the binary image header(2048k). Using the size in the binary image header.[0m
[0;33mW (270) i2c: This driver is an old driver, please migrate your application code to adapt `driver/i2c_master.h`[0m
[0;32mI (280) main_task: Started on CPU0[0m
[0;32mI (290) main_task: Calling app_main()[0m

assert failed: xQueueReceive queue.c:1531 (( pxQueue ))


Backtrace: 0x40084e7d:0x3ffb4c80 0x40084e45:0x3ffb4ca0 0x4008afb5:0x3ffb4cc0 0x40085666:0x3ffb4de0 0x400d324a:0x3ffb4e20 0x400d3291:0x3ffb4e40 0x400d3201:0x3ffb4e60 0x40085939:0x3ffb4e80




ELF file SHA256: c4a3b02c3

Rebooting...
ets Jul 29 2019 12:21:46

rst:0xc (SW_CPU_RESET),boot:0x13 (SPI_FAST_FLASH_BOOT)
configsip: 0, SPIWP:0xee
clk_drv:0x00,q_drv:0x00,d_drv:0x00,cs0_drv:0x00,hd_drv:0x00,wp_drv:0x00
mode:DIO, clock div:2
load:0x3fff0030,len:6380
ho 0 tail 12 room 4
load:0x40078000,len:15916
load:0x40080400,len:3860
entry 0x40080638
[0;32mI (29) boot: ESP-IDF v5.5.1 2nd stage bootloader[0m
[0;32mI (29) boot: compile time Oct 26 2025 15:33:15[0m
[0;32mI (29) boot: Multicore bootloader[0m
[0;32mI (31) boot: chip revision: v3.1[0m
[0;32mI (33) boot.esp32: SPI Speed      : 40MHz[0m
[0;32mI (37) boot.esp32: SPI Mode       : DIO[0m
[0;32mI (41) boot.esp32: SPI Flash Size : 2MB[0m
[0;32mI (44) boot: Enabling RNG early entropy source...[0m
[0;32mI (49) boot: Partition Table:[0m
[0;32mI (51) boot: ## Label            Usage          Type ST Offset   Length[0m
[0;32mI (58) boot:  0 nvs              WiFi data        01 02 00009000 00006000[0m
[0;32mI (64) boot:  1 phy_init         RF data          01 01 0000f000 00001000[0m
[0;32mI (71) boot:  2 factory          factory app      00 00 00010000 00100000[0m
[0;32mI (77) boot: End of partition table[0m
[0;32mI (80) esp_image: segment 0: paddr=00010020 vaddr=3f400020 size=0774ch ( 30540) map[0m
[0;32mI (98) esp_image: segment 1: paddr=00017774 vaddr=3ffb0000 size=021e8h (  8680) load[0m
[0;32mI (102) esp_image: segment 2: paddr=00019964 vaddr=40080000 size=066b4h ( 26292) load[0m
[0;32mI (113) esp_image: segment 3: paddr=00020020 vaddr=400d0020 size=0fc8ch ( 64652) map[0m
[0;32mI (135) esp_image: segment 4: paddr=0002fcb4 vaddr=400866b4 size=06548h ( 25928) load[0m
[0;32mI (146) esp_image: segment 5: paddr=00036204 vaddr=50000000 size=00020h (    32) load[0m
[0;32mI (152) boot: Loaded app from partition at offset 0x10000[0m
[0;32mI (152) boot: Disabling RNG early entropy source...[0m
[0;32mI (164) cpu_start: Multicore app[0m
[0;32mI (172) cpu_start: Pro cpu start user code[0m
[0;32mI (172) cpu_start: cpu freq: 160000000 Hz[0m
[0;32mI (172) app_init: Application information:[0m
[0;32mI (172) app_init: Project name:     test_htn[0m
[0;32mI (176) app_init: App version:      2cb2986-dirty[0m
[0;32mI (181) app_init: Compile time:     Oct 31 2025 22:57:05[0m
[0;32mI (186) app_init: ELF file SHA256:  c4a3b02c3...[0m
[0;32mI (190) app_init: ESP-IDF:          v5.5.1[0m
[0;32mI (194) efuse_init: Min chip rev:     v0.0[0m
[0;32mI (198) efuse_init: Max chip rev:     v3.99 [0m
[0;32mI (202) efuse_init: Chip rev:         v3.1[0m
[0;32mI (206) heap_init: Initializing. RAM available for dynamic allocation:[0m
[0;32mI (212) heap_init: At 3FFAE6E0 len 00001920 (6 KiB): DRAM[0m
[0;32mI (217) heap_init: At 3FFB2A68 len 0002D598 (181 KiB): DRAM[0m
[0;32mI (222) heap_init: At 3FFE0440 len 00003AE0 (14 KiB): D/IRAM[0m
[0;32mI (228) heap_init: At 3FFE4350 len 0001BCB0 (111 KiB): D/IRAM[0m
[0;32mI (233) heap_init: At 4008CBFC len 00013404 (77 KiB): IRAM[0m
[0;33mW (239) spi_flash: Detected boya flash chip but using generic driver. For optimal functionality, enable `SPI_FLASH_SUPPORT_BOYA_CHIP` in menuconfig[0m
[0;32mI (251) spi_flash: detected chip: generic[0m
[0;32mI (255) spi_flash: flash io: dio[0m
[0;33mW (258) spi_flash: Detected size(4096k) larger than the size in the binary image header(2048k). Using the size in the binary image header.[0m
[0;33mW (270) i2c: This driver is an old driver, please migrate your application code to adapt `driver/i2c_master.h`[0m
[0;32mI (280) main_task: Started on CPU0[0m
[0;32mI (290) main_task: Calling app_main()[0m

assert failed: xQueueReceive queue.c:1531 (( pxQueue ))


Backtrace: 0x40084e7d:0x3ffb4c80 0x40084e45:0x3ffb4ca0 0x4008afb5:0x3ffb4cc0 0x40085666:0x3ffb4de0 0x400d324a:0x3ffb4e20 0x400d3291:0x3ffb4e40 0x400d3201:0x3ffb4e60 0x40085939:0x3ffb4e80




ELF file SHA256: c4a3b02c3

Rebooting...
ets Jul 29 2019 12:21:46

rst:0xc (SW_CPU_RESET),boot:0x13 (SPI_FAST_FLASH_BOOT)
configsip: 0, SPIWP:0xee
clk_drv:0x00,q_drv:0x00,d_drv:0x00,cs0_drv:0x00,hd_drv:0x00,wp_drv:0x00
mode:DIO, clock div:2
load:0x3fff0030,len:6380
ho 0 tail 12 room 4
load:0x40078000,len:15916
load:0x40080400,len:3860
entry 0x40080638
[0;32mI (29) boot: ESP-IDF v5.5.1 2nd stage bootloader[0m
[0;32mI (29) boot: compile time Oct 26 2025 15:33:15[0m
[0;32mI (29) boot: Multicore bootloader[0m
[0;32mI (31) boot: chip revision: v3.1[0m
[0;32mI (33) boot.esp32: SPI Speed      : 40MHz[0m
[0;32mI (37) boot.esp32: SPI Mode       : DIO[0m
[0;32mI (41) boot.esp32: SPI Flash Size : 2MB[0m
[0;32mI (44) boot: Enabling RNG early entropy source...[0m
[0;32mI (49) boot: Partition Table:[0m
[0;32mI (51) boot: ## Label            Usage          Type ST Offset   Length[0m
[0;32mI (58) boot:  0 nvs              WiFi data        01 02 00009000 00006000[0m
[0;32mI (64) boot:  1 phy_init         RF data          01 01 0000f000 00001000[0m
[0;32mI (71) boot:  2 factory          factory app      00 00 00010000 00100000[0m
[0;32mI (77) boot: End of partition table[0m
[0;32mI (80) esp_image: segment 0: paddr=00010020 vaddr=3f400020 size=0774ch ( 30540) map[0m
[0;32mI (98) esp_image: segment 1: paddr=00017774 vaddr=3ffb0000 size=021e8h (  8680) load[0m
[0;32mI (102) esp_image: segment 2: paddr=00019964 vaddr=40080000 size=066b4h ( 26292) load[0m
[0;32mI (113) esp_image: segment 3: paddr=00020020 vaddr=400d0020 size=0fc8ch ( 64652) map[0m
[0;32mI (135) esp_image: segment 4: paddr=0002fcb4 vaddr=400866b4 size=06548h ( 25928) load[0m
[0;32mI (146) esp_image: segment 5: paddr=00036204 vaddr=50000000 size=00020h (    32) load[0m
[0;32mI (152) boot: Loaded app from partition at offset 0x10000[0m
[0;32mI (152) boot: Disabling RNG early entropy source...[0m
[0;32mI (164) cpu_start: Multicore app[0m
[0;32mI (172) cpu_start: Pro cpu start user code[0m
[0;32mI (172) cpu_start: cpu freq: 160000000 Hz[0m
[0;32mI (172) app_init: Application information:[0m
[0;32mI (172) app_init: Project name:     test_htn[0m
[0;32mI (176) app_init: App version:      2cb2986-dirty[0m
[0;32mI (181) app_init: Compile time:     Oct 31 2025 22:57:05[0m
[0;32mI (186) app_init: ELF file SHA256:  c4a3b02c3...[0m
[0;32mI (190) app_init: ESP-IDF:          v5.5.1[0m
[0;32mI (194) efuse_init: Min chip rev:     v0.0[0m
[0;32mI (198) efuse_init: Max chip rev:     v3.99 [0m
[0;32mI (202) efuse_init: Chip rev:         v3.1[0m
[0;32mI (206) heap_init: Initializing. RAM available for dynamic allocation:[0m
[0;32mI (212) heap_init: At 3FFAE6E0 len 00001920 (6 KiB): DRAM[0m
[0;32mI (217) heap_init: At 3FFB2A68 len 0002D598 (181 KiB): DRAM[0m
[0;32mI (222) heap_init: At 3FFE0440 len 00003AE0 (14 KiB): D/IRAM[0m
[0;32mI (228) heap_init: At 3FFE4350 len 0001BCB0 (111 KiB): D/IRAM[0m
[0;32mI (233) heap_init: At 4008CBFC len 00013404 (77 KiB): IRAM[0m
[0;33mW (239) spi_flash: Detected boya flash chip but using generic driver. For optimal functionality, enable `SPI_FLASH_SUPPORT_BOYA_CHIP` in menuconfig[0m
[0;32mI (251) spi_flash: detected chip: generic[0m
[0;32mI (255) spi_flash: flash io: dio[0m
[0;33mW (258) spi_flash: Detected size(4096k) larger than the size in the binary image header(2048k). Using the size in the binary image header.[0m
[0;33mW (270) i2c: This driver is an old driver, please migrate your application code to adapt `driver/i2c_master.h`[0m
[0;32mI (280) main_task: Started on CPU0[0m
[0;32mI (290) main_task: Calling app_main()[0m

assert failed: xQueueReceive queue.c:1531 (( pxQueue ))


Backtrace: 0x40084e7d:0x3ffb4c80 0x40084e45:0x3ffb4ca0 0x4008afb5:0x3ffb4cc0 0x40085666:0x3ffb4de0 0x400d324a:0x3ffb4e20 0x400d3291:0x3ffb4e40 0x400d3201:0x3ffb4e60 0x40085939:0x3ffb4e80




ELF file SHA256: c4a3b02c3

Rebooting...
ets Jul 29 2019 12:21:46

rst:0xc (SW_CPU_RESET),boot:0x13 (SPI_FAST_FLASH_BOOT)
configsip: 0, SPIWP:0xee
clk_drv:0x00,q_drv:0x00,d_drv:0x00,cs0_drv:0x00,hd_drv:0x00,wp_drv:0x00
mode:DIO, clock div:2
load:0x3fff0030,len:6380
ho 0 tail 12 room 4
load:0x40078000,len:15916
load:0x40080400,len:3860
entry 0x40080638
[0;32mI (29) boot: ESP-IDF v5.5.1 2nd stage bootloader[0m
[0;32mI (29) boot: compile time Oct 26 2025 15:33:15[0m
[0;32mI (29) boot: Multicore bootloader[0m
[0;32mI (31) boot: chip revision: v3.1[0m
[0;32mI (33) boot.esp32: SPI Speed      : 40MHz[0m
[0;32mI (37) boot.esp32: SPI Mode       : DIO[0m
[0;32mI (41) boot.esp32: SPI Flash Size : 2MB[0m
[0;32mI (44) boot: Enabling RNG early entropy source...[0m
[0;32mI (49) boot: Partition Table:[0m
[0;32mI (51) boot: ## Label            Usage          Type ST Offset   Length[0m
[0;32mI (58) boot:  0 nvs              WiFi data        01 02 00009000 00006000[0m
[0;32mI (64) boot:  1 phy_init         RF data          01 01 0000f000 00001000[0m
[0;32mI (71) boot:  2 factory          factory app      00 00 00010000 00100000[0m
[0;32mI (77) boot: End of partition table[0m
[0;32mI (80) esp_image: segment 0: paddr=00010020 vaddr=3f400020 size=0774ch ( 30540) map[0m
[0;32mI (98) esp_image: segment 1: paddr=00017774 vaddr=3ffb0000 size=021e8h (  8680) load[0m
[0;32mI (102) esp_image: segment 2: paddr=00019964 vaddr=40080000 size=066b4h ( 26292) load[0m
[0;32mI (113) esp_image: segment 3: paddr=00020020 vaddr=400d0020 size=0fc8ch ( 64652) map[0m
[0;32mI (135) esp_image: segment 4: paddr=0002fcb4 vaddr=400866b4 size=06548h ( 25928) load[0m
[0;32mI (146) esp_image: segment 5: paddr=00036204 vaddr=50000000 size=00020h (    32) load[0m
[0;32mI (152) boot: Loaded app from partition at offset 0x10000[0m
[0;32mI (152) boot: Disabling RNG early entropy source...[0m
[0;32mI (164) cpu_start: Multicore app[0m
[0;32mI (172) cpu_start: Pro cpu start user code[0m
[0;32mI (172) cpu_start: cpu freq: 160000000 Hz[0m
[0;32mI (172) app_init: Application information:[0m
[0;32mI (172) app_init: Project name:     test_htn[0m
[0;32mI (176) app_init: App version:      2cb2986-dirty[0m
[0;32mI (181) app_init: Compile time:     Oct 31 2025 22:57:05[0m
[0;32mI (186) app_init: ELF file SHA256:  c4a3b02c3...[0m
[0;32mI (190) app_init: ESP-IDF:          v5.5.1[0m
[0;32mI (194) efuse_init: Min chip rev:     v0.0[0m
[0;32mI (198) efuse_init: Max chip rev:     v3.99 [0m
[0;32mI (202) efuse_init: Chip rev:         v3.1[0m
[0;32mI (206) heap_init: Initializing. RAM available for dynamic allocation:[0m
[0;32mI (212) heap_init: At 3FFAE6E0 len 00001920 (6 KiB): DRAM[0m
[0;32mI (217) heap_init: At 3FFB2A68 len 0002D598 (181 KiB): DRAM[0m
[0;32mI (222) heap_init: At 3FFE0440 len 00003AE0 (14 KiB): D/IRAM[0m
[0;32mI (228) heap_init: At 3FFE4350 len 0001BCB0 (111 KiB): D/IRAM[0m
[0;32mI (233) heap_init: At 4008CBFC len 00013404 (77 KiB): IRAM[0m
[0;33mW (239) spi_flash: Detected boya flash chip but using generic driver. For optimal functionality, enable `SPI_FLASH_SUPPORT_BOYA_CHIP` in menuconfig[0m
[0;32mI (251) spi_flash: detected chip: generic[0m
[0;32mI (255) spi_flash: flash io: dio[0m
[0;33mW (258) spi_flash: Detected size(4096k) larger than the size in the binary image header(2048k). Using the size in the binary image header.[0m
[0;33mW (270) i2c: This driver is an old driver, please migrate your application code to adapt `driver/i2c_master.h`[0m
[0;32mI (280) main_task: Started on CPU0[0m
[0;32mI (290) main_task: Calling app_main()[0m

assert failed: xQueueReceive queue.c:1531 (( pxQueue ))


Backtrace: 0x40084e7d:0x3ffb4c80 0x40084e45:0x3ffb4ca0 0x4008afb5:0x3ffb4cc0 0x40085666:0x3ffb4de0 0x400d324a:0x3ffb4e20 0x400d3291:0x3ffb4e40 0x400d3201:0x3ffb4e60 0x40085939:0x3ffb4e80




ELF file SHA256: c4a3b02c3

Rebooting...
ets Jul 29 2019 12:21:46

rst:0xc (SW_CPU_RESET),boot:0x13 (SPI_FAST_FLASH_BOOT)
configsip: 0, SPIWP:0xee
clk_drv:0x00,q_drv:0x00,d_drv:0x00,cs0_drv:0x00,hd_drv:0x00,wp_drv:0x00
mode:DIO, clock div:2
load:0x3fff0030,len:6380
ho 0 tail 12 room 4
load:0x40078000,len:15916
load:0x40080400,len:3860
entry 0x40080638
[0;32mI (29) boot: ESP-IDF v5.5.1 2nd stage bootloader[0m
[0;32mI (29) boot: compile time Oct 26 2025 15:33:15[0m
[0;32mI (29) boot: Multicore bootloader[0m
[0;32mI (31) boot: chip revision: v3.1[0m
[0;32mI (33) boot.esp32: SPI Speed      : 40MHz[0m
[0;32mI (37) boot.esp32: SPI Mode       : DIO[0m
[0;32mI (41) boot.esp32: SPI Flash Size : 2MB[0m
[0;32mI (44) boot: Enabling RNG early entropy source...[0m
[0;32mI (49) boot: Partition Table:[0m
[0;32mI (51) boot: ## Label            Usage          Type ST Offset   Length[0m
[0;32mI (58) boot:  0 nvs              WiFi data        01 02 00009000 00006000[0m
[0;32mI (64) boot:  1 phy_init         RF data          01 01 0000f000 00001000[0m
[0;32mI (71) boot:  2 factory          factory app      00 00 00010000 00100000[0m
[0;32mI (77) boot: End of partition table[0m
[0;32mI (80) esp_image: segment 0: paddr=00010020 vaddr=3f400020 size=0774ch ( 30540) map[0m
[0;32mI (98) esp_image: segment 1: paddr=00017774 vaddr=3ffb0000 size=021e8h (  8680) load[0m
[0;32mI (102) esp_image: segment 2: paddr=00019964 vaddr=40080000 size=066b4h ( 26292) load[0m
[0;32mI (113) esp_image: segment 3: paddr=00020020 vaddr=400d0020 size=0fc8ch ( 64652) map[0m
[0;32mI (135) esp_image: segment 4: paddr=0002fcb4 vaddr=400866b4 size=06548h ( 25928) load[0m
[0;32mI (146) esp_image: segment 5: paddr=00036204 vaddr=50000000 size=00020h (    32) load[0m
[0;32mI (152) boot: Loaded app from partition at offset 0x10000[0m
[0;32mI (152) boot: Disabling RNG early entropy source...[0m
[0;32mI (164) cpu_start: Multicore app[0m
[0;32mI (172) cpu_start: Pro cpu start user code[0m
[0;32mI (172) cpu_start: cpu freq: 160000000 Hz[0m
[0;32mI (172) app_init: Application information:[0m
[0;32mI (172) app_init: Project name:     test_htn[0m
[0;32mI (176) app_init: App version:      2cb2986-dirty[0m
